Component: ARM Compiler 5.06 update 7 (build 960) Tool: armlink [4d3601]

==============================================================================

Section Cross References

    startup_stm32f10x_md.o(STACK) refers (Special) to heapauxi.o(.text) for __use_two_region_memory
    startup_stm32f10x_md.o(HEAP) refers (Special) to heapauxi.o(.text) for __use_two_region_memory
    startup_stm32f10x_md.o(RESET) refers (Special) to heapauxi.o(.text) for __use_two_region_memory
    startup_stm32f10x_md.o(RESET) refers to startup_stm32f10x_md.o(STACK) for __initial_sp
    startup_stm32f10x_md.o(RESET) refers to startup_stm32f10x_md.o(.text) for Reset_Handler
    startup_stm32f10x_md.o(RESET) refers to stm32f10x_it.o(i.NMI_Handler) for NMI_Handler
    startup_stm32f10x_md.o(RESET) refers to stm32f10x_it.o(i.HardFault_Handler) for HardFault_Handler
    startup_stm32f10x_md.o(RESET) refers to stm32f10x_it.o(i.MemManage_Handler) for MemManage_Handler
    startup_stm32f10x_md.o(RESET) refers to stm32f10x_it.o(i.BusFault_Handler) for BusFault_Handler
    startup_stm32f10x_md.o(RESET) refers to stm32f10x_it.o(i.UsageFault_Handler) for UsageFault_Handler
    startup_stm32f10x_md.o(RESET) refers to stm32f10x_it.o(i.SVC_Handler) for SVC_Handler
    startup_stm32f10x_md.o(RESET) refers to stm32f10x_it.o(i.DebugMon_Handler) for DebugMon_Handler
    startup_stm32f10x_md.o(RESET) refers to stm32f10x_it.o(i.PendSV_Handler) for PendSV_Handler
    startup_stm32f10x_md.o(RESET) refers to stm32f10x_it.o(i.SysTick_Handler) for SysTick_Handler
    startup_stm32f10x_md.o(.text) refers (Special) to heapauxi.o(.text) for __use_two_region_memory
    startup_stm32f10x_md.o(.text) refers to system_stm32f10x.o(i.SystemInit) for SystemInit
    startup_stm32f10x_md.o(.text) refers to __main.o(!!!main) for __main
    startup_stm32f10x_md.o(.text) refers to startup_stm32f10x_md.o(HEAP) for Heap_Mem
    startup_stm32f10x_md.o(.text) refers to startup_stm32f10x_md.o(STACK) for Stack_Mem
    system_stm32f10x.o(i.SetSysClock) refers to system_stm32f10x.o(i.SetSysClockTo72) for SetSysClockTo72
    system_stm32f10x.o(i.SystemCoreClockUpdate) refers to system_stm32f10x.o(.data) for SystemCoreClock
    system_stm32f10x.o(i.SystemInit) refers to system_stm32f10x.o(i.SetSysClock) for SetSysClock
    stm32f10x_adc.o(i.ADC_DeInit) refers to stm32f10x_rcc.o(i.RCC_APB2PeriphResetCmd) for RCC_APB2PeriphResetCmd
    stm32f10x_bkp.o(i.BKP_DeInit) refers to stm32f10x_rcc.o(i.RCC_BackupResetCmd) for RCC_BackupResetCmd
    stm32f10x_can.o(i.CAN_DeInit) refers to stm32f10x_rcc.o(i.RCC_APB1PeriphResetCmd) for RCC_APB1PeriphResetCmd
    stm32f10x_can.o(i.CAN_GetITStatus) refers to stm32f10x_can.o(i.CheckITStatus) for CheckITStatus
    stm32f10x_cec.o(i.CEC_DeInit) refers to stm32f10x_rcc.o(i.RCC_APB1PeriphResetCmd) for RCC_APB1PeriphResetCmd
    stm32f10x_dac.o(i.DAC_DeInit) refers to stm32f10x_rcc.o(i.RCC_APB1PeriphResetCmd) for RCC_APB1PeriphResetCmd
    stm32f10x_flash.o(i.FLASH_EnableWriteProtection) refers to stm32f10x_flash.o(i.FLASH_WaitForLastOperation) for FLASH_WaitForLastOperation
    stm32f10x_flash.o(i.FLASH_EraseAllBank1Pages) refers to stm32f10x_flash.o(i.FLASH_WaitForLastBank1Operation) for FLASH_WaitForLastBank1Operation
    stm32f10x_flash.o(i.FLASH_EraseAllPages) refers to stm32f10x_flash.o(i.FLASH_WaitForLastOperation) for FLASH_WaitForLastOperation
    stm32f10x_flash.o(i.FLASH_EraseOptionBytes) refers to stm32f10x_flash.o(i.FLASH_GetReadOutProtectionStatus) for FLASH_GetReadOutProtectionStatus
    stm32f10x_flash.o(i.FLASH_EraseOptionBytes) refers to stm32f10x_flash.o(i.FLASH_WaitForLastOperation) for FLASH_WaitForLastOperation
    stm32f10x_flash.o(i.FLASH_ErasePage) refers to stm32f10x_flash.o(i.FLASH_WaitForLastOperation) for FLASH_WaitForLastOperation
    stm32f10x_flash.o(i.FLASH_ProgramHalfWord) refers to stm32f10x_flash.o(i.FLASH_WaitForLastOperation) for FLASH_WaitForLastOperation
    stm32f10x_flash.o(i.FLASH_ProgramOptionByteData) refers to stm32f10x_flash.o(i.FLASH_WaitForLastOperation) for FLASH_WaitForLastOperation
    stm32f10x_flash.o(i.FLASH_ProgramWord) refers to stm32f10x_flash.o(i.FLASH_WaitForLastOperation) for FLASH_WaitForLastOperation
    stm32f10x_flash.o(i.FLASH_ReadOutProtection) refers to stm32f10x_flash.o(i.FLASH_WaitForLastOperation) for FLASH_WaitForLastOperation
    stm32f10x_flash.o(i.FLASH_UserOptionByteConfig) refers to stm32f10x_flash.o(i.FLASH_WaitForLastOperation) for FLASH_WaitForLastOperation
    stm32f10x_flash.o(i.FLASH_WaitForLastBank1Operation) refers to stm32f10x_flash.o(i.FLASH_GetBank1Status) for FLASH_GetBank1Status
    stm32f10x_flash.o(i.FLASH_WaitForLastOperation) refers to stm32f10x_flash.o(i.FLASH_GetBank1Status) for FLASH_GetBank1Status
    stm32f10x_gpio.o(i.GPIO_AFIODeInit) refers to stm32f10x_rcc.o(i.RCC_APB2PeriphResetCmd) for RCC_APB2PeriphResetCmd
    stm32f10x_gpio.o(i.GPIO_DeInit) refers to stm32f10x_rcc.o(i.RCC_APB2PeriphResetCmd) for RCC_APB2PeriphResetCmd
[...]
    ../clib/btod.s                           0x00000000   Number         0  btod.o ABSOLUTE
    ../clib/fenv.c                           0x00000000   Number         0  _rserrno.o ABSOLUTE
    ../clib/heapalloc.c                      0x00000000   Number         0  hrguard.o ABSOLUTE
    ../clib/heapaux.c                        0x00000000   Number         0  heapauxi.o ABSOLUTE
    ../clib/libinit.s                        0x00000000   Number         0  libshutdown2.o ABSOLUTE
    ../clib/libinit.s                        0x00000000   Number         0  libinit.o ABSOLUTE
    ../clib/libinit.s                        0x00000000   Number         0  libshutdown.o ABSOLUTE
    ../clib/libinit.s                        0x00000000   Number         0  libinit2.o ABSOLUTE
    ../clib/locale.c                         0x00000000   Number         0  _wcrtomb.o ABSOLUTE
    ../clib/locale.s                         0x00000000   Number         0  lc_numeric_c.o ABSOLUTE
    ../clib/locale.s                         0x00000000   Number         0  lc_ctype_c.o ABSOLUTE
    ../clib/longlong.s                       0x00000000   Number         0  lludiv10.o ABSOLUTE
    ../clib/memcpset.s                       0x00000000   Number         0  strcmpv7m.o ABSOLUTE
    ../clib/memcpset.s                       0x00000000   Number         0  rt_memcpy_w.o ABSOLUTE
    ../clib/memcpset.s                       0x00000000   Number         0  rt_memclr.o ABSOLUTE
    ../clib/memcpset.s                       0x00000000   Number         0  rt_memclr_w.o ABSOLUTE
    ../clib/misc.s                           0x00000000   Number         0  printf_stubs.o ABSOLUTE
    ../clib/printf.c                         0x00000000   Number         0  _printf_longlong_dec.o ABSOLUTE
    ../clib/printf.c                         0x00000000   Number         0  _printf_oct_ll.o ABSOLUTE
    ../clib/printf.c                         0x00000000   Number         0  _printf_fp_infnan.o ABSOLUTE
    ../clib/printf.c                         0x00000000   Number         0  __printf_flags_ss.o ABSOLUTE
    ../clib/printf.c                         0x00000000   Number         0  _printf_oct_int.o ABSOLUTE
    ../clib/printf.c                         0x00000000   Number         0  _printf_oct_int_ll.o ABSOLUTE
    ../clib/printf.c                         0x00000000   Number         0  _printf_hex_ll.o ABSOLUTE
    ../clib/printf.c                         0x00000000   Number         0  _printf_hex_int.o ABSOLUTE
    ../clib/printf.c                         0x00000000   Number         0  __printf_flags_ss_wp.o ABSOLUTE
    ../clib/printf.c                         0x00000000   Number         0  __printf_ss_wp.o ABSOLUTE
    ../clib/printf.c                         0x00000000   Number         0  __printf_flags_wp.o ABSOLUTE
    ../clib/printf.c                         0x00000000   Number         0  __printf_wp.o ABSOLUTE
    ../clib/printf.c                         0x00000000   Number         0  _printf_hex_int_ll.o ABSOLUTE
    ../clib/printf.c                         0x00000000   Number         0  __printf_ss.o ABSOLUTE
    ../clib/printf.c                         0x00000000   Number         0  _printf_hex_ptr.o ABSOLUTE
    ../clib/printf.c                         0x00000000   Number         0  _printf_hex_int_ptr.o ABSOLUTE
    ../clib/printf.c                         0x00000000   Number         0  _printf_hex_ll_ptr.o ABSOLUTE
    ../clib/printf.c                         0x00000000   Number         0  _printf_hex_int_ll_ptr.o ABSOLUTE
    ../clib/printf.c                         0x00000000   Number         0  __printf_flags.o ABSOLUTE
    ../clib/printf.c                         0x00000000   Number         0  _printf_wchar.o ABSOLUTE
    ../clib/printf.c                         0x00000000   Number         0  _printf_char.o ABSOLUTE
    ../clib/printf.c                         0x00000000   Number         0  __printf_nopercent.o ABSOLUTE
    ../clib/printf.c                         0x00000000   Number         0  _printf_fp_hex.o ABSOLUTE
    ../clib/printf.c                         0x00000000   Number         0  _printf_fp_dec.o ABSOLUTE
    ../clib/printf.c                         0x00000000   Number         0  _printf_intcommon.o ABSOLUTE
    ../clib/printf.c                         0x00000000   Number         0  vsprintf.o ABSOLUTE
    ../clib/printf.c                         0x00000000   Number         0  __printf.o ABSOLUTE
    ../clib/printf.c                         0x00000000   Number         0  _printf_pad.o ABSOLUTE
    ../clib/printf.c                         0x00000000   Number         0  _printf_truncate.o ABSOLUTE
    ../clib/printf.c                         0x00000000   Number         0  _printf_str.o ABSOLUTE
    ../clib/printf.c                         0x00000000   Number         0  _printf_dec.o ABSOLUTE
    ../clib/printf.c                         0x00000000   Number         0  _printf_charcount.o ABSOLUTE
    ../clib/printf.c                         0x00000000   Number         0  _printf_char_common.o ABSOLUTE
    ../clib/printf.c                         0x00000000   Number         0  _sputc.o ABSOLUTE
    ../clib/printf.c                         0x00000000   Number         0  _printf_wctomb.o ABSOLUTE
    ../clib/printf_percent.s                 0x00000000   Number         0  _printf_i.o ABSOLUTE
    ../clib/printf_percent.s                 0x00000000   Number         0  _printf_o.o ABSOLUTE
    ../clib/printf_percent.s                 0x00000000   Number         0  _printf_p.o ABSOLUTE
    ../clib/printf_percent.s                 0x00000000   Number         0  _printf_x.o ABSOLUTE
    ../clib/printf_percent.s                 0x00000000   Number         0  _printf_n.o ABSOLUTE
    ../clib/printf_percent.s                 0x00000000   Number         0  _printf_s.o ABSOLUTE
    ../clib/printf_percent.s                 0x00000000   Number         0  _printf_c.o ABSOLUTE
    ../clib/printf_percent.s                 0x00000000   Number         0  _printf_e.o ABSOLUTE
    ../clib/printf_percent.s                 0x00000000   Number         0  _printf_ll.o ABSOLUTE
    ../clib/printf_percent.s                 0x00000000   Number         0  _printf_lc.o ABSOLUTE
    ../clib/printf_percent.s                 0x00000000   Number         0  _printf_ls.o ABSOLUTE
    ../clib/printf_percent.s                 0x00000000   Number         0  _printf_d.o ABSOLUTE
    ../clib/printf_percent.s                 0x00000000   Number         0  _printf_llo.o ABSOLUTE
    ../clib/printf_percent.s                 0x00000000   Number         0  _printf_llx.o ABSOLUTE
    ../clib/printf_percent.s                 0x00000000   Number         0  _printf_l.o ABSOLUTE
    ../clib/printf_percent.s                 0x00000000   Number         0  _printf_percent.o ABSOLUTE
    ../clib/printf_percent.s                 0x00000000   Number         0  _printf_lli.o ABSOLUTE
    ../clib/printf_percent.s                 0x00000000   Number         0  _printf_percent_end.o ABSOLUTE
    ../clib/printf_percent.s                 0x00000000   Number         0  _printf_lld.o ABSOLUTE
    ../clib/printf_percent.s                 0x00000000   Number         0  _printf_llu.o ABSOLUTE
    ../clib/printf_percent.s                 0x00000000   Number         0  _printf_a.o ABSOLUTE
    ../clib/printf_percent.s                 0x00000000   Number         0  _printf_g.o ABSOLUTE
    ../clib/printf_percent.s                 0x00000000   Number         0  _printf_f.o ABSOLUTE
    ../clib/printf_percent.s                 0x00000000   Number         0  _printf_u.o ABSOLUTE
    ../clib/signal.c                         0x00000000   Number         0  defsig_rtred_inner.o ABSOLUTE
    ../clib/signal.c                         0x00000000   Number         0  defsig_fpe_inner.o ABSOLUTE
    ../clib/signal.c                         0x00000000   Number         0  defsig_general.o ABSOLUTE
    ../clib/signal.c                         0x00000000   Number         0  defsig_rtmem_outer.o ABSOLUTE
    ../clib/signal.c                         0x00000000   Number         0  defsig_rtmem_formal.o ABSOLUTE
    ../clib/signal.c                         0x00000000   Number         0  defsig_exit.o ABSOLUTE
    ../clib/signal.c                         0x00000000   Number         0  defsig_rtmem_inner.o ABSOLUTE
    ../clib/signal.c                         0x00000000   Number         0  defsig_other.o ABSOLUTE
    ../clib/signal.c                         0x00000000   Number         0  defsig_abrt_inner.o ABSOLUTE
    ../clib/signal.c                         0x00000000   Number         0  defsig_segv_inner.o ABSOLUTE
    ../clib/signal.c                         0x00000000   Number         0  defsig_cppl_inner.o ABSOLUTE
    ../clib/signal.c                         0x00000000   Number         0  __raise.o ABSOLUTE
    ../clib/signal.c                         0x00000000   Number         0  defsig_pvfn_inner.o ABSOLUTE
    ../clib/signal.c                         0x00000000   Number         0  defsig_stak_inner.o ABSOLUTE
    ../clib/signal.s                         0x00000000   Number         0  defsig.o ABSOLUTE
    ../clib/stdlib.c                         0x00000000   Number         0  exit.o ABSOLUTE
    ../fplib/d2f.s                           0x00000000   Number         0  d2f.o ABSOLUTE
    ../fplib/daddsub.s                       0x00000000   Number         0  daddsub_clz.o ABSOLUTE
    ../fplib/dcheck1.s                       0x00000000   Number         0  dcheck1.o ABSOLUTE
    ../fplib/dcmpi.s                         0x00000000   Number         0  dcmpi.o ABSOLUTE
    ../fplib/ddiv.s                          0x00000000   Number         0  ddiv.o ABSOLUTE
    ../fplib/deqf.s                          0x00000000   Number         0  deqf.o ABSOLUTE
    ../fplib/dfix.s                          0x00000000   Number         0  dfix.o ABSOLUTE
    ../fplib/dfixu.s                         0x00000000   Number         0  dfixu.o ABSOLUTE
    ../fplib/dflt.s                          0x00000000   Number         0  dflt_clz.o ABSOLUTE
    ../fplib/dleqf.s                         0x00000000   Number         0  dleqf.o ABSOLUTE
    ../fplib/dmul.s                          0x00000000   Number         0  dmul.o ABSOLUTE
    ../fplib/dnaninf.s                       0x00000000   Number         0  dnaninf.o ABSOLUTE
    ../fplib/dretinf.s                       0x00000000   Number         0  dretinf.o ABSOLUTE
    ../fplib/drleqf.s                        0x00000000   Number         0  drleqf.o ABSOLUTE
    ../fplib/drnd.s                          0x00000000   Number         0  drnd.o ABSOLUTE
    ../fplib/faddsub.s                       0x00000000   Number         0  faddsub_clz.o ABSOLUTE
    ../fplib/fcmpi.s                         0x00000000   Number         0  fcmpi.o ABSOLUTE
    ../fplib/fflt.s                          0x00000000   Number         0  fflt_clz.o ABSOLUTE
    ../fplib/fleqf.s                         0x00000000   Number         0  fleqf.o ABSOLUTE
    ../fplib/fnaninf.s                       0x00000000   Number         0  fnaninf.o ABSOLUTE
    ../fplib/fpinit.s                        0x00000000   Number         0  fpinit.o ABSOLUTE
    ../fplib/fretinf.s                       0x00000000   Number         0  fretinf.o ABSOLUTE
    ../fplib/istatus.s                       0x00000000   Number         0  istatus.o ABSOLUTE
    ../fplib/printf1.s                       0x00000000   Number         0  printf1.o ABSOLUTE
    ../fplib/printf2.s                       0x00000000   Number         0  printf2.o ABSOLUTE
    ../fplib/printf2a.s                      0x00000000   Number         0  printf2a.o ABSOLUTE
    ../fplib/printf2b.s                      0x00000000   Number         0  printf2b.o ABSOLUTE
    ../fplib/retnan.s                        0x00000000   Number         0  retnan.o ABSOLUTE
    ../fplib/scalbn.s                        0x00000000   Number         0  scalbn.o ABSOLUTE
    ../fplib/trapv.s                         0x00000000   Number         0  trapv.o ABSOLUTE
    ../fplib/usenofp.s                       0x00000000   Number         0  usenofp.o ABSOLUTE
    ../mathlib/atan.c                        0x00000000   Number         0  atan_x.o ABSOLUTE
    ../mathlib/atan.c                        0x00000000   Number         0  atan.o ABSOLUTE
    ../mathlib/atan2.c                       0x00000000   Number         0  atan2_x.o ABSOLUTE
    ../mathlib/atan2.c                       0x00000000   Number         0  atan2.o ABSOLUTE
    ../mathlib/dunder.c                      0x00000000   Number         0  dunder.o ABSOLUTE
    ../mathlib/fpclassify.c                  0x00000000   Number         0  fpclassify.o ABSOLUTE
    ../mathlib/poly.c                        0x00000000   Number         0  poly.o ABSOLUTE
    ../mathlib/qnan.c                        0x00000000   Number         0  qnan.o ABSOLUTE
    ../mathlib/round.c                       0x00000000   Number         0  round.o ABSOLUTE
    ..\Hardware\OLED\OLED.c                  0x00000000   Number         0  oled.o ABSOLUTE
    ..\Hardware\OLED\OLED_Data.c             0x00000000   Number         0  oled_data.o ABSOLUTE
    ..\Hardware\u8g2\mui.c                   0x00000000   Number         0  mui.o ABSOLUTE
    ..\Hardware\u8g2\mui_u8g2.c              0x00000000   Number         0  mui_u8g2.o ABSOLUTE
    ..\Hardware\u8g2\u8g2_arc.c              0x00000000   Number         0  u8g2_arc.o ABSOLUTE
    ..\Hardware\u8g2\u8g2_bitmap.c           0x00000000   Number         0  u8g2_bitmap.o ABSOLUTE
    ..\Hardware\u8g2\u8g2_box.c              0x00000000   Number         0  u8g2_box.o ABSOLUTE
    ..\Hardware\u8g2\u8g2_buffer.c           0x00000000   Number         0  u8g2_buffer.o ABSOLUTE
    ..\Hardware\u8g2\u8g2_button.c           0x00000000   Number         0  u8g2_button.o ABSOLUTE
    ..\Hardware\u8g2\u8g2_circle.c           0x00000000   Number         0  u8g2_circle.o ABSOLUTE
    ..\Hardware\u8g2\u8g2_cleardisplay.c     0x00000000   Number         0  u8g2_cleardisplay.o ABSOLUTE
    ..\Hardware\u8g2\u8g2_d_memory.c         0x00000000   Number         0  u8g2_d_memory.o ABSOLUTE
    ..\Hardware\u8g2\u8g2_d_setup.c          0x00000000   Number         0  u8g2_d_setup.o ABSOLUTE
    ..\Hardware\u8g2\u8g2_font.c             0x00000000   Number         0  u8g2_font.o ABSOLUTE
    ..\Hardware\u8g2\u8g2_fonts.c            0x00000000   Number         0  u8g2_fonts.o ABSOLUTE
    ..\Hardware\u8g2\u8g2_hvline.c           0x00000000   Number         0  u8g2_hvline.o ABSOLUTE
    ..\Hardware\u8g2\u8g2_input_value.c      0x00000000   Number         0  u8g2_input_value.o ABSOLUTE
    ..\Hardware\u8g2\u8g2_intersection.c     0x00000000   Number         0  u8g2_intersection.o ABSOLUTE
    ..\Hardware\u8g2\u8g2_kerning.c          0x00000000   Number         0  u8g2_kerning.o ABSOLUTE
    ..\Hardware\u8g2\u8g2_line.c             0x00000000   Number         0  u8g2_line.o ABSOLUTE
    ..\Hardware\u8g2\u8g2_ll_hvline.c        0x00000000   Number         0  u8g2_ll_hvline.o ABSOLUTE
    ..\Hardware\u8g2\u8g2_message.c          0x00000000   Number         0  u8g2_message.o ABSOLUTE
    ..\Hardware\u8g2\u8g2_polygon.c          0x00000000   Number         0  u8g2_polygon.o ABSOLUTE
    ..\Hardware\u8g2\u8g2_selection_list.c   0x00000000   Number         0  u8g2_selection_list.o ABSOLUTE
    ..\Hardware\u8g2\u8g2_setup.c            0x00000000   Number         0  u8g2_setup.o ABSOLUTE
    ..\Hardware\u8g2\u8log.c                 0x00000000   Number         0  u8log.o ABSOLUTE
    ..\Hardware\u8g2\u8log_u8g2.c            0x00000000   Number         0  u8log_u8g2.o ABSOLUTE
    ..\Hardware\u8g2\u8log_u8x8.c            0x00000000   Number         0  u8log_u8x8.o ABSOLUTE
    ..\Hardware\u8g2\u8x8_8x8.c              0x00000000   Number         0  u8x8_8x8.o ABSOLUTE
    ..\Hardware\u8g2\u8x8_byte.c             0x00000000   Number         0  u8x8_byte.o ABSOLUTE
    ..\Hardware\u8g2\u8x8_cad.c              0x00000000   Number         0  u8x8_cad.o ABSOLUTE
    ..\Hardware\u8g2\u8x8_capture.c          0x00000000   Number         0  u8x8_capture.o ABSOLUTE
    ..\Hardware\u8g2\u8x8_d_ssd1306_128x64_noname.c 0x00000000   Number         0  u8x8_d_ssd1306_128x64_noname.o ABSOLUTE
    ..\Hardware\u8g2\u8x8_debounce.c         0x00000000   Number         0  u8x8_debounce.o ABSOLUTE
    ..\Hardware\u8g2\u8x8_display.c          0x00000000   Number         0  u8x8_display.o ABSOLUTE
    ..\Hardware\u8g2\u8x8_fonts.c            0x00000000   Number         0  u8x8_fonts.o ABSOLUTE
    ..\Hardware\u8g2\u8x8_gpio.c             0x00000000   Number         0  u8x8_gpio.o ABSOLUTE
    ..\Hardware\u8g2\u8x8_input_value.c      0x00000000   Number         0  u8x8_input_value.o ABSOLUTE
    ..\Hardware\u8g2\u8x8_message.c          0x00000000   Number         0  u8x8_message.o ABSOLUTE
    ..\Hardware\u8g2\u8x8_selection_list.c   0x00000000   Number         0  u8x8_selection_list.o ABSOLUTE
    ..\Hardware\u8g2\u8x8_setup.c            0x00000000   Number         0  u8x8_setup.o ABSOLUTE
    ..\Hardware\u8g2\u8x8_string.c           0x00000000   Number         0  u8x8_string.o ABSOLUTE
    ..\Hardware\u8g2\u8x8_u16toa.c           0x00000000   Number         0  u8x8_u16toa.o ABSOLUTE
    ..\Hardware\u8g2\u8x8_u8toa.c            0x00000000   Number         0  u8x8_u8toa.o ABSOLUTE
    ..\Library\misc.c                        0x00000000   Number         0  misc.o ABSOLUTE
    ..\Library\stm32f10x_adc.c               0x00000000   Number         0  stm32f10x_adc.o ABSOLUTE
    ..\Library\stm32f10x_bkp.c               0x00000000   Number         0  stm32f10x_bkp.o ABSOLUTE
    ..\Library\stm32f10x_can.c               0x00000000   Number         0  stm32f10x_can.o ABSOLUTE
    ..\Library\stm32f10x_cec.c               0x00000000   Number         0  stm32f10x_cec.o ABSOLUTE
    ..\Library\stm32f10x_crc.c               0x00000000   Number         0  stm32f10x_crc.o ABSOLUTE
    ..\Library\stm32f10x_dac.c               0x00000000   Number         0  stm32f10x_dac.o ABSOLUTE
    ..\Library\stm32f10x_dbgmcu.c            0x00000000   Number         0  stm32f10x_dbgmcu.o ABSOLUTE
    ..\Library\stm32f10x_dma.c               0x00000000   Number         0  stm32f10x_dma.o ABSOLUTE
    ..\Library\stm32f10x_exti.c              0x00000000   Number         0  stm32f10x_exti.o ABSOLUTE
    ..\Library\stm32f10x_flash.c             0x00000000   Number         0  stm32f10x_flash.o ABSOLUTE
    ..\Library\stm32f10x_fsmc.c              0x00000000   Number         0  stm32f10x_fsmc.o ABSOLUTE
    ..\Library\stm32f10x_gpio.c              0x00000000   Number         0  stm32f10x_gpio.o ABSOLUTE
    ..\Library\stm32f10x_i2c.c               0x00000000   Number         0  stm32f10x_i2c.o ABSOLUTE
    ..\Library\stm32f10x_iwdg.c              0x00000000   Number         0  stm32f10x_iwdg.o ABSOLUTE
    ..\Library\stm32f10x_pwr.c               0x00000000   Number         0  stm32f10x_pwr.o ABSOLUTE
    ..\Library\stm32f10x_rcc.c               0x00000000   Number         0  stm32f10x_rcc.o ABSOLUTE
    ..\Library\stm32f10x_rtc.c               0x00000000   Number         0  stm32f10x_rtc.o ABSOLUTE
    ..\Library\stm32f10x_sdio.c              0x00000000   Number         0  stm32f10x_sdio.o ABSOLUTE
    ..\Library\stm32f10x_spi.c               0x00000000   Number         0  stm32f10x_spi.o ABSOLUTE
    ..\Library\stm32f10x_tim.c               0x00000000   Number         0  stm32f10x_tim.o ABSOLUTE
    ..\Library\stm32f10x_usart.c             0x00000000   Number         0  stm32f10x_usart.o ABSOLUTE
    ..\Library\stm32f10x_wwdg.c              0x00000000   Number         0  stm32f10x_wwdg.o ABSOLUTE
    ..\Start\core_cm3.c                      0x00000000   Number         0  core_cm3.o ABSOLUTE
    ..\Start\startup_stm32f10x_md.s          0x00000000   Number         0  startup_stm32f10x_md.o ABSOLUTE
    ..\Start\system_stm32f10x.c              0x00000000   Number         0  system_stm32f10x.o ABSOLUTE
    ..\System\Delay.c                        0x00000000   Number         0  delay.o ABSOLUTE
    ..\User\mian.c                           0x00000000   Number         0  mian.o ABSOLUTE
    ..\User\stm32f10x_it.c                   0x00000000   Number         0  stm32f10x_it.o ABSOLUTE
    ..\\Start\\core_cm3.c                    0x00000000   Number         0  core_cm3.o ABSOLUTE
    dc.s                                     0x00000000   Number         0  dc.o ABSOLUTE
    RESET                                    0x08000000   Section      236  startup_stm32f10x_md.o(RESET)
    !!!main                                  0x080000ec   Section        8  __main.o(!!!main)
    !!!scatter                               0x080000f4   Section       52  __scatter.o(!!!scatter)
    !!handler_copy                           0x08000128   Section       26  __scatter_copy.o(!!handler_copy)
    !!handler_zi                             0x08000144   Section       28  __scatter_zi.o(!!handler_zi)
    .ARM.Collect$$libinit$$00000000          0x08000160   Section        2  libinit.o(.ARM.Collect$$libinit$$00000000)
    .ARM.Collect$$libinit$$00000002          0x08000162   Section        0  libinit2.o(.ARM.Collect$$libinit$$00000002)
    .ARM.Collect$$libinit$$00000004          0x08000162   Section        0  libinit2.o(.ARM.Collect$$libinit$$00000004)
    .ARM.Collect$$libinit$$0000000A          0x08000162   Section        0  libinit2.o(.ARM.Collect$$libinit$$0000000A)
    .ARM.Collect$$libinit$$0000000C          0x08000162   Section        0  libinit2.o(.ARM.Collect$$libinit$$0000000C)
    .ARM.Collect$$libinit$$0000000E          0x08000162   Section        0  libinit2.o(.ARM.Collect$$libinit$$0000000E)
    .ARM.Collect$$libinit$$00000011          0x08000162   Section        0  libinit2.o(.ARM.Collect$$libinit$$00000011)
    .ARM.Collect$$libinit$$00000013          0x08000162   Section        0  libinit2.o(.ARM.Collect$$libinit$$00000013)
    .ARM.Collect$$libinit$$00000015          0x08000162   Section        0  libinit2.o(.ARM.Collect$$libinit$$00000015)
    .ARM.Collect$$libinit$$00000017          0x08000162   Section        0  libinit2.o(.ARM.Collect$$libinit$$00000017)
    .ARM.Collect$$libinit$$00000019          0x08000162   Section        0  libinit2.o(.ARM.Collect$$libinit$$00000019)
    .ARM.Collect$$libinit$$0000001B          0x08000162   Section        0  libinit2.o(.ARM.Collect$$libinit$$0000001B)
    .ARM.Collect$$libinit$$0000001D          0x08000162   Section        0  libinit2.o(.ARM.Collect$$libinit$$0000001D)
    .ARM.Collect$$libinit$$0000001F          0x08000162   Section        0  libinit2.o(.ARM.Collect$$libinit$$0000001F)
    .ARM.Collect$$libinit$$00000021          0x08000162   Section        0  libinit2.o(.ARM.Collect$$libinit$$00000021)
    .ARM.Collect$$libinit$$00000023          0x08000162   Section        0  libinit2.o(.ARM.Collect$$libinit$$00000023)
    .ARM.Collect$$libinit$$00000025          0x08000162   Section        0  libinit2.o(.ARM.Collect$$libinit$$00000025)
    .ARM.Collect$$libinit$$0000002C          0x08000162   Section        0  libinit2.o(.ARM.Collect$$libinit$$0000002C)
    .ARM.Collect$$libinit$$0000002E          0x08000162   Section        0  libinit2.o(.ARM.Collect$$libinit$$0000002E)
    .ARM.Collect$$libinit$$00000030          0x08000162   Section        0  libinit2.o(.ARM.Collect$$libinit$$00000030)
    .ARM.Collect$$libinit$$00000032          0x08000162   Section        0  libinit2.o(.ARM.Collect$$libinit$$00000032)
    .ARM.Collect$$libinit$$00000033          0x08000162   Section        2  libinit2.o(.ARM.Collect$$libinit$$00000033)
    .ARM.Collect$$libshutdown$$00000000      0x08000164   Section        2  libshutdown.o(.ARM.Collect$$libshutdown$$00000000)
    .ARM.Collect$$libshutdown$$00000002      0x08000166   Section        0  libshutdown2.o(.ARM.Collect$$libshutdown$$00000002)
    .ARM.Collect$$libshutdown$$00000004      0x08000166   Section        0  libshutdown2.o(.ARM.Collect$$libshutdown$$00000004)
    .ARM.Collect$$libshutdown$$00000006      0x08000166   Section        0  libshutdown2.o(.ARM.Collect$$libshutdown$$00000006)
    .ARM.Collect$$libshutdown$$00000009      0x08000166   Section        0  libshutdown2.o(.ARM.Collect$$libshutdown$$00000009)
    .ARM.Collect$$libshutdown$$0000000C      0x08000166   Section        0  libshutdown2.o(.ARM.Collect$$libshutdown$$0000000C)
    .ARM.Collect$$libshutdown$$0000000E      0x08000166   Section        0  libshutdown2.o(.ARM.Collect$$libshutdown$$0000000E)
    .ARM.Collect$$libshutdown$$00000011      0x08000166   Section        0  libshutdown2.o(.ARM.Collect$$libshutdown$$00000011)
    .ARM.Collect$$libshutdown$$00000012      0x08000166   Section        2  libshutdown2.o(.ARM.Collect$$libshutdown$$00000012)
    .ARM.Collect$$rtentry$$00000000          0x08000168   Section        0  __rtentry.o(.ARM.Collect$$rtentry$$00000000)
    .ARM.Collect$$rtentry$$00000002          0x08000168   Section        0  __rtentry2.o(.ARM.Collect$$rtentry$$00000002)
    .ARM.Collect$$rtentry$$00000004          0x08000168   Section        6  __rtentry4.o(.ARM.Collect$$rtentry$$00000004)
    .ARM.Collect$$rtentry$$00000009          0x0800016e   Section        0  __rtentry2.o(.ARM.Collect$$rtentry$$00000009)
    .ARM.Collect$$rtentry$$0000000A          0x0800016e   Section        4  __rtentry2.o(.ARM.Collect$$rtentry$$0000000A)
    .ARM.Collect$$rtentry$$0000000C          0x08000172   Section        0  __rtentry2.o(.ARM.Collect$$rtentry$$0000000C)
    .ARM.Collect$$rtentry$$0000000D          0x08000172   Section        8  __rtentry2.o(.ARM.Collect$$rtentry$$0000000D)
    .ARM.Collect$$rtexit$$00000000           0x0800017a   Section        2  rtexit.o(.ARM.Collect$$rtexit$$00000000)
    .ARM.Collect$$rtexit$$00000002           0x0800017c   Section        0  rtexit2.o(.ARM.Collect$$rtexit$$00000002)
    .ARM.Collect$$rtexit$$00000003           0x0800017c   Section        4  rtexit2.o(.ARM.Collect$$rtexit$$00000003)
    .ARM.Collect$$rtexit$$00000004           0x08000180   Section        6  rtexit2.o(.ARM.Collect$$rtexit$$00000004)
    .text                                    0x08000188   Section       64  startup_stm32f10x_md.o(.text)
    .text                                    0x080001c8   Section       68  rt_memclr.o(.text)
    .text                                    0x0800020c   Section       78  rt_memclr_w.o(.text)
    .text                                    0x0800025a   Section        0  heapauxi.o(.text)
    .text                                    0x08000260   Section        8  libspace.o(.text)
    .text                                    0x08000268   Section       74  sys_stackheap_outer.o(.text)
    .text                                    0x080002b2   Section        0  exit.o(.text)
    .text                                    0x080002c4   Section        0  sys_exit.o(.text)
    .text                                    0x080002d0   Section        2  use_no_semi.o(.text)
    .text                                    0x080002d2   Section        0  indicate_semi.o(.text)
    i.BusFault_Handler                       0x080002d2   Section        0  stm32f10x_it.o(i.BusFault_Handler)
    i.DebugMon_Handler                       0x080002d6   Section        0  stm32f10x_it.o(i.DebugMon_Handler)
    i.Delay_ms                               0x080002d8   Section        0  delay.o(i.Delay_ms)
    i.Delay_us                               0x080002f0   Section        0  delay.o(i.Delay_us)
    i.GPIO_Init                              0x0800031e   Section        0  stm32f10x_gpio.o(i.GPIO_Init)
    i.GPIO_WriteBit                          0x08000434   Section        0  stm32f10x_gpio.o(i.GPIO_WriteBit)
    i.HardFault_Handler                      0x0800043e   Section        0  stm32f10x_it.o(i.HardFault_Handler)
    i.MemManage_Handler                      0x08000442   Section        0  stm32f10x_it.o(i.MemManage_Handler)
    i.NMI_Handler                            0x08000446   Section        0  stm32f10x_it.o(i.NMI_Handler)
    i.OLED_Clear                             0x08000448   Section        0  oled.o(i.OLED_Clear)
    i.OLED_GPIO_Init                         0x08000470   Section        0  oled.o(i.OLED_GPIO_Init)
    i.OLED_I2C_SendByte                      0x080004d0   Section        0  oled.o(i.OLED_I2C_SendByte)
    i.OLED_I2C_Start                         0x0800050e   Section        0  oled.o(i.OLED_I2C_Start)
    i.OLED_I2C_Stop                          0x0800052a   Section        0  oled.o(i.OLED_I2C_Stop)
    i.OLED_Init                              0x08000540   Section        0  oled.o(i.OLED_Init)
    i.OLED_SetCursor                         0x080005da   Section        0  oled.o(i.OLED_SetCursor)
    i.OLED_Update                            0x080005fc   Section        0  oled.o(i.OLED_Update)
    i.OLED_W_SCL                             0x08000624   Section        0  oled.o(i.OLED_W_SCL)
    i.OLED_W_SDA                             0x0800063c   Section        0  oled.o(i.OLED_W_SDA)
    i.OLED_WriteCommand                      0x08000654   Section        0  oled.o(i.OLED_WriteCommand)
    i.OLED_WriteData                         0x08000674   Section        0  oled.o(i.OLED_WriteData)
    i.PendSV_Handler                         0x080006a2   Section        0  stm32f10x_it.o(i.PendSV_Handler)
    i.RCC_APB2PeriphClockCmd                 0x080006a4   Section        0  stm32f10x_rcc.o(i.RCC_APB2PeriphClockCmd)
    i.SVC_Handler                            0x080006c4   Section        0  stm32f10x_it.o(i.SVC_Handler)
    i.SetSysClock                            0x080006c6   Section        0  system_stm32f10x.o(i.SetSysClock)
    SetSysClock                              0x080006c7   Thumb Code     8  system_stm32f10x.o(i.SetSysClock)
    i.SetSysClockTo72                        0x080006d0   Section        0  system_stm32f10x.o(i.SetSysClockTo72)
    SetSysClockTo72                          0x080006d1   Thumb Code   214  system_stm32f10x.o(i.SetSysClockTo72)
    i.SysTick_Handler                        0x080007b0   Section        0  stm32f10x_it.o(i.SysTick_Handler)
    i.SystemInit                             0x080007b4   Section        0  system_stm32f10x.o(i.SystemInit)
    i.UsageFault_Handler                     0x08000814   Section        0  stm32f10x_it.o(i.UsageFault_Handler)
    i.i2c_clear_scl                          0x08000818   Section        0  u8x8_byte.o(i.i2c_clear_scl)
    i2c_clear_scl                            0x08000819   Thumb Code    16  u8x8_byte.o(i.i2c_clear_scl)
    i.i2c_clear_sda                          0x08000828   Section        0  u8x8_byte.o(i.i2c_clear_sda)
    i2c_clear_sda                            0x08000829   Thumb Code    16  u8x8_byte.o(i.i2c_clear_sda)
    i.i2c_delay                              0x08000838   Section        0  u8x8_byte.o(i.i2c_delay)
    i2c_delay                                0x08000839   Thumb Code    18  u8x8_byte.o(i.i2c_delay)
    i.i2c_init                               0x0800084a   Section        0  u8x8_byte.o(i.i2c_init)
    i2c_init                                 0x0800084b   Thumb Code    32  u8x8_byte.o(i.i2c_init)
    i.i2c_read_bit                           0x0800086a   Section        0  u8x8_byte.o(i.i2c_read_bit)
    i2c_read_bit                             0x0800086b   Thumb Code    42  u8x8_byte.o(i.i2c_read_bit)
    i.i2c_read_scl_and_delay                 0x08000894   Section        0  u8x8_byte.o(i.i2c_read_scl_and_delay)
    i2c_read_scl_and_delay                   0x08000895   Thumb Code    22  u8x8_byte.o(i.i2c_read_scl_and_delay)
    i.i2c_read_sda                           0x080008aa   Section        0  u8x8_byte.o(i.i2c_read_sda)
    i2c_read_sda                             0x080008ab   Thumb Code    16  u8x8_byte.o(i.i2c_read_sda)
    i.i2c_start                              0x080008ba   Section        0  u8x8_byte.o(i.i2c_start)
    i2c_start                                0x080008bb   Thumb Code    60  u8x8_byte.o(i.i2c_start)
    i.i2c_stop                               0x080008f6   Section        0  u8x8_byte.o(i.i2c_stop)
    i2c_stop                                 0x080008f7   Thumb Code    42  u8x8_byte.o(i.i2c_stop)
    i.i2c_write_bit                          0x08000920   Section        0  u8x8_byte.o(i.i2c_write_bit)
    i2c_write_bit                            0x08000921   Thumb Code    42  u8x8_byte.o(i.i2c_write_bit)
    i.i2c_write_byte                         0x0800094a   Section        0  u8x8_byte.o(i.i2c_write_byte)
    i2c_write_byte                           0x0800094b   Thumb Code    94  u8x8_byte.o(i.i2c_write_byte)
    i.main                                   0x080009a8   Section        0  mian.o(i.main)
    i.u8g2_ClearBuffer                       0x08000a04   Section        0  u8g2_buffer.o(i.u8g2_ClearBuffer)
    i.u8g2_DrawHVLine                        0x08000a1e   Section        0  u8g2_hvline.o(i.u8g2_DrawHVLine)
    i.u8g2_DrawLine                          0x08000afa   Section        0  u8g2_line.o(i.u8g2_DrawLine)
    i.u8g2_DrawPixel                         0x08000bd0   Section        0  u8g2_hvline.o(i.u8g2_DrawPixel)
    i.u8g2_IsIntersection                    0x08000c14   Section        0  u8g2_intersection.o(i.u8g2_IsIntersection)
    i.u8g2_SendBuffer                        0x08000c4e   Section        0  u8g2_buffer.o(i.u8g2_SendBuffer)
    i.u8g2_SetFontPosBaseline                0x08000c60   Section        0  u8g2_font.o(i.u8g2_SetFontPosBaseline)
    i.u8g2_SetMaxClipWindow                  0x08000c6c   Section        0  u8g2_setup.o(i.u8g2_SetMaxClipWindow)
    i.u8g2_SetupBuffer                       0x08000c8c   Section        0  u8g2_setup.o(i.u8g2_SetupBuffer)
    i.u8g2_Setup_ssd1306_i2c_128x64_noname_f 0x08000ce8   Section        0  u8g2_d_setup.o(i.u8g2_Setup_ssd1306_i2c_128x64_noname_f)
    i.u8g2_apply_clip_window                 0x08000d2c   Section        0  u8g2_setup.o(i.u8g2_apply_clip_window)
    u8g2_apply_clip_window                   0x08000d2d   Thumb Code   122  u8g2_setup.o(i.u8g2_apply_clip_window)
    i.u8g2_clip_intersection2                0x08000da6   Section        0  u8g2_hvline.o(i.u8g2_clip_intersection2)
    u8g2_clip_intersection2                  0x08000da7   Thumb Code    76  u8g2_hvline.o(i.u8g2_clip_intersection2)
    i.u8g2_draw_hv_line_2dir                 0x08000df2   Section        0  u8g2_hvline.o(i.u8g2_draw_hv_line_2dir)
    i.u8g2_draw_l90_mirrorr_r0               0x08000e1e   Section        0  u8g2_setup.o(i.u8g2_draw_l90_mirrorr_r0)
    i.u8g2_draw_l90_r0                       0x08000e5a   Section        0  u8g2_setup.o(i.u8g2_draw_l90_r0)
    i.u8g2_draw_l90_r1                       0x08000e7e   Section        0  u8g2_setup.o(i.u8g2_draw_l90_r1)
    i.u8g2_draw_l90_r2                       0x08000ec2   Section        0  u8g2_setup.o(i.u8g2_draw_l90_r2)
    i.u8g2_draw_l90_r3                       0x08000f18   Section        0  u8g2_setup.o(i.u8g2_draw_l90_r3)
    i.u8g2_draw_mirror_vertical_r0           0x08000f68   Section        0  u8g2_setup.o(i.u8g2_draw_mirror_vertical_r0)
    i.u8g2_font_calc_vref_font               0x08000fa4   Section        0  u8g2_font.o(i.u8g2_font_calc_vref_font)
    i.u8g2_gpio_and_delay_stm32              0x08000faa   Section        0  mian.o(i.u8g2_gpio_and_delay_stm32)
    i.u8g2_is_intersection_decision_tree     0x08001014   Section        0  u8g2_intersection.o(i.u8g2_is_intersection_decision_tree)
    i.u8g2_ll_hvline_vertical_top_lsb        0x08001044   Section        0  u8g2_ll_hvline.o(i.u8g2_ll_hvline_vertical_top_lsb)
    i.u8g2_m_16_8_f                          0x08001134   Section        0  u8g2_d_memory.o(i.u8g2_m_16_8_f)
    i.u8g2_send_buffer                       0x08001144   Section        0  u8g2_buffer.o(i.u8g2_send_buffer)
    u8g2_send_buffer                         0x08001145   Thumb Code    54  u8g2_buffer.o(i.u8g2_send_buffer)
    i.u8g2_send_tile_row                     0x0800117a   Section        0  u8g2_buffer.o(i.u8g2_send_tile_row)
    u8g2_send_tile_row                       0x0800117b   Thumb Code    54  u8g2_buffer.o(i.u8g2_send_tile_row)
    i.u8g2_update_dimension_common           0x080011b0   Section        0  u8g2_setup.o(i.u8g2_update_dimension_common)
    u8g2_update_dimension_common             0x080011b1   Thumb Code    96  u8g2_setup.o(i.u8g2_update_dimension_common)
    i.u8g2_update_dimension_r0               0x08001210   Section        0  u8g2_setup.o(i.u8g2_update_dimension_r0)
    i.u8g2_update_dimension_r1               0x0800121c   Section        0  u8g2_setup.o(i.u8g2_update_dimension_r1)
    i.u8g2_update_dimension_r2               0x08001238   Section        0  u8g2_setup.o(i.u8g2_update_dimension_r2)
    i.u8g2_update_dimension_r3               0x08001244   Section        0  u8g2_setup.o(i.u8g2_update_dimension_r3)
    i.u8g2_update_page_win_r0                0x08001260   Section        0  u8g2_setup.o(i.u8g2_update_page_win_r0)
    i.u8g2_update_page_win_r1                0x08001280   Section        0  u8g2_setup.o(i.u8g2_update_page_win_r1)
    i.u8g2_update_page_win_r2                0x080012a0   Section        0  u8g2_setup.o(i.u8g2_update_page_win_r2)
    i.u8g2_update_page_win_r3                0x080012dc   Section        0  u8g2_setup.o(i.u8g2_update_page_win_r3)
    i.u8x8_DrawTile                          0x08001318   Section        0  u8x8_display.o(i.u8x8_DrawTile)
    i.u8x8_InitDisplay                       0x0800134a   Section        0  u8x8_display.o(i.u8x8_InitDisplay)
    i.u8x8_RefreshDisplay                    0x0800135c   Section        0  u8x8_display.o(i.u8x8_RefreshDisplay)
    i.u8x8_SetPowerSave                      0x0800136e   Section        0  u8x8_display.o(i.u8x8_SetPowerSave)
    i.u8x8_Setup                             0x08001382   Section        0  u8x8_setup.o(i.u8x8_Setup)
    i.u8x8_SetupDefaults                     0x080013ac   Section        0  u8x8_setup.o(i.u8x8_SetupDefaults)
    i.u8x8_SetupMemory                       0x080013d8   Section        0  u8x8_display.o(i.u8x8_SetupMemory)
    i.u8x8_byte_EndTransfer                  0x080013ea   Section        0  u8x8_byte.o(i.u8x8_byte_EndTransfer)
    i.u8x8_byte_SendByte                     0x080013fc   Section        0  u8x8_byte.o(i.u8x8_byte_SendByte)
    i.u8x8_byte_SendBytes                    0x0800140c   Section        0  u8x8_byte.o(i.u8x8_byte_SendBytes)
    i.u8x8_byte_StartTransfer                0x08001426   Section        0  u8x8_byte.o(i.u8x8_byte_StartTransfer)
    i.u8x8_byte_sw_i2c                       0x08001438   Section        0  u8x8_byte.o(i.u8x8_byte_sw_i2c)
    i.u8x8_cad_EndTransfer                   0x080014a6   Section        0  u8x8_cad.o(i.u8x8_cad_EndTransfer)
    i.u8x8_cad_SendArg                       0x080014b8   Section        0  u8x8_cad.o(i.u8x8_cad_SendArg)
    i.u8x8_cad_SendCmd                       0x080014cc   Section        0  u8x8_cad.o(i.u8x8_cad_SendCmd)
    i.u8x8_cad_SendData                      0x080014e0   Section        0  u8x8_cad.o(i.u8x8_cad_SendData)
    i.u8x8_cad_SendSequence                  0x080014fa   Section        0  u8x8_cad.o(i.u8x8_cad_SendSequence)
    i.u8x8_cad_StartTransfer                 0x08001576   Section        0  u8x8_cad.o(i.u8x8_cad_StartTransfer)
    i.u8x8_cad_ssd13xx_fast_i2c              0x08001588   Section        0  u8x8_cad.o(i.u8x8_cad_ssd13xx_fast_i2c)
    i.u8x8_d_helper_display_init             0x0800165c   Section        0  u8x8_display.o(i.u8x8_d_helper_display_init)
    i.u8x8_d_helper_display_setup_memory     0x080016bc   Section        0  u8x8_display.o(i.u8x8_d_helper_display_setup_memory)
    i.u8x8_d_ssd1306_128x64_noname           0x080016c8   Section        0  u8x8_d_ssd1306_128x64_noname.o(i.u8x8_d_ssd1306_128x64_noname)
    i.u8x8_d_ssd1306_sh1106_generic          0x0800171c   Section        0  u8x8_d_ssd1306_128x64_noname.o(i.u8x8_d_ssd1306_sh1106_generic)
    u8x8_d_ssd1306_sh1106_generic            0x0800171d   Thumb Code   242  u8x8_d_ssd1306_128x64_noname.o(i.u8x8_d_ssd1306_sh1106_generic)
    i.u8x8_dummy_cb                          0x08001820   Section        0  u8x8_setup.o(i.u8x8_dummy_cb)
    i.u8x8_gpio_call                         0x08001828   Section        0  u8x8_gpio.o(i.u8x8_gpio_call)
    i.u8x8_i2c_data_transfer                 0x08001842   Section        0  u8x8_cad.o(i.u8x8_i2c_data_transfer)
    u8x8_i2c_data_transfer                   0x08001843   Thumb Code    46  u8x8_cad.o(i.u8x8_i2c_data_transfer)
    .constdata                               0x08001870   Section       72  u8g2_setup.o(.constdata)
    .constdata                               0x080018b8   Section      344  u8x8_d_ssd1306_128x64_noname.o(.constdata)
    u8x8_d_ssd1306_128x64_noname_init_seq    0x080018b8   Data          53  u8x8_d_ssd1306_128x64_noname.o(.constdata)
    u8x8_d_ssd1306_128x64_vcomh0_init_seq    0x080018ed   Data          53  u8x8_d_ssd1306_128x64_noname.o(.constdata)
    u8x8_d_ssd1306_128x64_alt0_init_seq      0x08001922   Data          53  u8x8_d_ssd1306_128x64_noname.o(.constdata)
    u8x8_d_sh1106_128x64_winstar_init_seq    0x08001957   Data          45  u8x8_d_ssd1306_128x64_noname.o(.constdata)
    u8x8_d_ssd1312_128x64_noname_init_seq    0x08001984   Data          53  u8x8_d_ssd1306_128x64_noname.o(.constdata)
    u8x8_d_ssd1306_128x64_noname_powersave0_seq 0x080019b9   Data           5  u8x8_d_ssd1306_128x64_noname.o(.constdata)
    u8x8_d_ssd1306_128x64_noname_powersave1_seq 0x080019be   Data           5  u8x8_d_ssd1306_128x64_noname.o(.constdata)
    u8x8_d_ssd1306_128x64_noname_flip0_seq   0x080019c3   Data           7  u8x8_d_ssd1306_128x64_noname.o(.constdata)
    u8x8_d_ssd1306_128x64_noname_flip1_seq   0x080019ca   Data           7  u8x8_d_ssd1306_128x64_noname.o(.constdata)
    u8x8_d_ssd1312_128x64_noname_flip0_seq   0x080019d1   Data           7  u8x8_d_ssd1306_128x64_noname.o(.constdata)
    u8x8_d_ssd1312_128x64_noname_flip1_seq   0x080019d8   Data           7  u8x8_d_ssd1306_128x64_noname.o(.constdata)
    u8x8_ssd1306_128x64_noname_display_info  0x080019e0   Data          24  u8x8_d_ssd1306_128x64_noname.o(.constdata)
    u8x8_sh1106_128x64_noname_display_info   0x080019f8   Data          24  u8x8_d_ssd1306_128x64_noname.o(.constdata)
    .data                                    0x20000000   Section        6  u8x8_cad.o(.data)
    in_transfer                              0x20000000   Data           1  u8x8_cad.o(.data)
    in_transfer                              0x20000001   Data           1  u8x8_cad.o(.data)
    in_transfer                              0x20000002   Data           1  u8x8_cad.o(.data)
    is_data                                  0x20000003   Data           1  u8x8_cad.o(.data)
    in_transfer                              0x20000004   Data           1  u8x8_cad.o(.data)
    is_data                                  0x20000005   Data           1  u8x8_cad.o(.data)
    .bss                                     0x20000008   Section     1024  oled.o(.bss)
    .bss                                     0x20000408   Section     1024  u8g2_d_memory.o(.bss)
    buf                                      0x20000408   Data        1024  u8g2_d_memory.o(.bss)
    .bss                                     0x20000808   Section       96  libspace.o(.bss)
    HEAP                                     0x20000868   Section      512  startup_stm32f10x_md.o(HEAP)
    Heap_Mem                                 0x20000868   Data         512  startup_stm32f10x_md.o(HEAP)
    STACK                                    0x20000a68   Section     1024  startup_stm32f10x_md.o(STACK)
    Stack_Mem                                0x20000a68   Data        1024  startup_stm32f10x_md.o(STACK)
    __initial_sp                             0x20000e68   Data           0  startup_stm32f10x_md.o(STACK)

    Global Symbols

    Symbol Name                              Value     Ov Type        Size  Object(Section)

    BuildAttributes$$THM_ISAv4$P$D$K$B$S$PE$A:L22UL41UL21$X:L11$S22US41US21$IEEE1$IW$USESV6$~STKCKD$USESV7$~SHL$OTIME$ROPI$IEEEX$EBA8$UX$STANDARDLIB$REQ8$PRES8$EABIv2 0x00000000   Number         0  anon$$obj.o ABSOLUTE
    __ARM_use_no_argv                        0x00000000   Number         0  mian.o ABSOLUTE
    _printf_flags                            0x00000000   Number         0  printf_stubs.o ABSOLUTE
    _printf_return_value                     0x00000000   Number         0  printf_stubs.o ABSOLUTE
    _printf_sizespec                         0x00000000   Number         0  printf_stubs.o ABSOLUTE
    _printf_widthprec                        0x00000000   Number         0  printf_stubs.o ABSOLUTE
    __ARM_exceptions_init                     - Undefined Weak Reference
    __alloca_initialize                       - Undefined Weak Reference
    __arm_fini_                               - Undefined Weak Reference
    __arm_preinit_                            - Undefined Weak Reference
    __cpp_initialize__aeabi_                  - Undefined Weak Reference
    __cxa_finalize                            - Undefined Weak Reference
    __sigvec_lookup                           - Undefined Weak Reference
    _atexit_init                              - Undefined Weak Reference
    _call_atexit_fns                          - Undefined Weak Reference
    _clock_init                               - Undefined Weak Reference
    _fp_trap_init                             - Undefined Weak Reference
    _fp_trap_shutdown                         - Undefined Weak Reference
    _get_lc_collate                           - Undefined Weak Reference
    _get_lc_monetary                          - Undefined Weak Reference
    _get_lc_time                              - Undefined Weak Reference
    _getenv_init                              - Undefined Weak Reference
    _handle_redirection                       - Undefined Weak Reference
    _init_alloc                               - Undefined Weak Reference
    _init_user_alloc                          - Undefined Weak Reference
    _initio                                   - Undefined Weak Reference
    _printf_mbtowc                            - Undefined Weak Reference
    _printf_wc                                - Undefined Weak Reference
    _rand_init                                - Undefined Weak Reference
    _signal_finish                            - Undefined Weak Reference
    _signal_init                              - Undefined Weak Reference
    _terminate_alloc                          - Undefined Weak Reference
    _terminate_user_alloc                     - Undefined Weak Reference
    _terminateio                              - Undefined Weak Reference
    __Vectors_Size                           0x000000ec   Number         0  startup_stm32f10x_md.o ABSOLUTE
    __Vectors                                0x08000000   Data           4  startup_stm32f10x_md.o(RESET)
    __Vectors_End                            0x080000ec   Data           0  startup_stm32f10x_md.o(RESET)
    __main                                   0x080000ed   Thumb Code     8  __main.o(!!!main)
    __scatterload                            0x080000f5   Thumb Code     0  __scatter.o(!!!scatter)
    __scatterload_rt2                        0x080000f5   Thumb Code    44  __scatter.o(!!!scatter)
    __scatterload_rt2_thumb_only             0x080000f5   Thumb Code     0  __scatter.o(!!!scatter)
    __scatterload_null                       0x08000103   Thumb Code     0  __scatter.o(!!!scatter)
    __scatterload_copy                       0x08000129   Thumb Code    26  __scatter_copy.o(!!handler_copy)
    __scatterload_zeroinit                   0x08000145   Thumb Code    28  __scatter_zi.o(!!handler_zi)
    __rt_lib_init                            0x08000161   Thumb Code     0  libinit.o(.ARM.Collect$$libinit$$00000000)
    __rt_lib_init_alloca_1                   0x08000163   Thumb Code     0  libinit2.o(.ARM.Collect$$libinit$$0000002E)
    __rt_lib_init_argv_1                     0x08000163   Thumb Code     0  libinit2.o(.ARM.Collect$$libinit$$0000002C)
    __rt_lib_init_atexit_1                   0x08000163   Thumb Code     0  libinit2.o(.ARM.Collect$$libinit$$0000001B)
    __rt_lib_init_clock_1                    0x08000163   Thumb Code     0  libinit2.o(.ARM.Collect$$libinit$$00000021)
    __rt_lib_init_cpp_1                      0x08000163   Thumb Code     0  libinit2.o(.ARM.Collect$$libinit$$00000032)
    __rt_lib_init_exceptions_1               0x08000163   Thumb Code     0  libinit2.o(.ARM.Collect$$libinit$$00000030)
    __rt_lib_init_fp_1                       0x08000163   Thumb Code     0  libinit2.o(.ARM.Collect$$libinit$$00000002)
    __rt_lib_init_fp_trap_1                  0x08000163   Thumb Code     0  libinit2.o(.ARM.Collect$$libinit$$0000001F)
    __rt_lib_init_getenv_1                   0x08000163   Thumb Code     0  libinit2.o(.ARM.Collect$$libinit$$00000023)
    __rt_lib_init_heap_1                     0x08000163   Thumb Code     0  libinit2.o(.ARM.Collect$$libinit$$0000000A)
    __rt_lib_init_lc_collate_1               0x08000163   Thumb Code     0  libinit2.o(.ARM.Collect$$libinit$$00000011)
    __rt_lib_init_lc_ctype_1                 0x08000163   Thumb Code     0  libinit2.o(.ARM.Collect$$libinit$$00000013)
    __rt_lib_init_lc_monetary_1              0x08000163   Thumb Code     0  libinit2.o(.ARM.Collect$$libinit$$00000015)
    __rt_lib_init_lc_numeric_1               0x08000163   Thumb Code     0  libinit2.o(.ARM.Collect$$libinit$$00000017)
    __rt_lib_init_lc_time_1                  0x08000163   Thumb Code     0  libinit2.o(.ARM.Collect$$libinit$$00000019)
    __rt_lib_init_preinit_1                  0x08000163   Thumb Code     0  libinit2.o(.ARM.Collect$$libinit$$00000004)
    __rt_lib_init_rand_1                     0x08000163   Thumb Code     0  libinit2.o(.ARM.Collect$$libinit$$0000000E)
    __rt_lib_init_return                     0x08000163   Thumb Code     0  libinit2.o(.ARM.Collect$$libinit$$00000033)
    __rt_lib_init_signal_1                   0x08000163   Thumb Code     0  libinit2.o(.ARM.Collect$$libinit$$0000001D)
    __rt_lib_init_stdio_1                    0x08000163   Thumb Code     0  libinit2.o(.ARM.Collect$$libinit$$00000025)
    __rt_lib_init_user_alloc_1               0x08000163   Thumb Code     0  libinit2.o(.ARM.Collect$$libinit$$0000000C)
    __rt_lib_shutdown                        0x08000165   Thumb Code     0  libshutdown.o(.ARM.Collect$$libshutdown$$00000000)
    __rt_lib_shutdown_cpp_1                  0x08000167   Thumb Code     0  libshutdown2.o(.ARM.Collect$$libshutdown$$00000004)
    __rt_lib_shutdown_fini_1                 0x08000167   Thumb Code     0  libshutdown2.o(.ARM.Collect$$libshutdown$$00000002)
    __rt_lib_shutdown_fp_trap_1              0x08000167   Thumb Code     0  libshutdown2.o(.ARM.Collect$$libshutdown$$00000009)
    __rt_lib_shutdown_heap_1                 0x08000167   Thumb Code     0  libshutdown2.o(.ARM.Collect$$libshutdown$$00000011)
    __rt_lib_shutdown_return                 0x08000167   Thumb Code     0  libshutdown2.o(.ARM.Collect$$libshutdown$$00000012)
    __rt_lib_shutdown_signal_1               0x08000167   Thumb Code     0  libshutdown2.o(.ARM.Collect$$libshutdown$$0000000C)
    __rt_lib_shutdown_stdio_1                0x08000167   Thumb Code     0  libshutdown2.o(.ARM.Collect$$libshutdown$$00000006)
    __rt_lib_shutdown_user_alloc_1           0x08000167   Thumb Code     0  libshutdown2.o(.ARM.Collect$$libshutdown$$0000000E)
    __rt_entry                               0x08000169   Thumb Code     0  __rtentry.o(.ARM.Collect$$rtentry$$00000000)
    __rt_entry_presh_1                       0x08000169   Thumb Code     0  __rtentry2.o(.ARM.Collect$$rtentry$$00000002)
    __rt_entry_sh                            0x08000169   Thumb Code     0  __rtentry4.o(.ARM.Collect$$rtentry$$00000004)
    __rt_entry_li                            0x0800016f   Thumb Code     0  __rtentry2.o(.ARM.Collect$$rtentry$$0000000A)
    __rt_entry_postsh_1                      0x0800016f   Thumb Code     0  __rtentry2.o(.ARM.Collect$$rtentry$$00000009)
    __rt_entry_main                          0x08000173   Thumb Code     0  __rtentry2.o(.ARM.Collect$$rtentry$$0000000D)
    __rt_entry_postli_1                      0x08000173   Thumb Code     0  __rtentry2.o(.ARM.Collect$$rtentry$$0000000C)
    __rt_exit                                0x0800017b   Thumb Code     0  rtexit.o(.ARM.Collect$$rtexit$$00000000)
    __rt_exit_ls                             0x0800017d   Thumb Code     0  rtexit2.o(.ARM.Collect$$rtexit$$00000003)
    __rt_exit_prels_1                        0x0800017d   Thumb Code     0  rtexit2.o(.ARM.Collect$$rtexit$$00000002)
    __rt_exit_exit                           0x08000181   Thumb Code     0  rtexit2.o(.ARM.Collect$$rtexit$$00000004)
    Reset_Handler                            0x08000189   Thumb Code     8  startup_stm32f10x_md.o(.text)
    ADC1_2_IRQHandler                        0x080001a3   Thumb Code     0  startup_stm32f10x_md.o(.text)
    CAN1_RX1_IRQHandler                      0x080001a3   Thumb Code     0  startup_stm32f10x_md.o(.text)
    CAN1_SCE_IRQHandler                      0x080001a3   Thumb Code     0  startup_stm32f10x_md.o(.text)
    DMA1_Channel1_IRQHandler                 0x080001a3   Thumb Code     0  startup_stm32f10x_md.o(.text)
    DMA1_Channel2_IRQHandler                 0x080001a3   Thumb Code     0  startup_stm32f10x_md.o(.text)
    DMA1_Channel3_IRQHandler                 0x080001a3   Thumb Code     0  startup_stm32f10x_md.o(.text)
    DMA1_Channel4_IRQHandler                 0x080001a3   Thumb Code     0  startup_stm32f10x_md.o(.text)
    DMA1_Channel5_IRQHandler                 0x080001a3   Thumb Code     0  startup_stm32f10x_md.o(.text)
    DMA1_Channel6_IRQHandler                 0x080001a3   Thumb Code     0  startup_stm32f10x_md.o(.text)
    DMA1_Channel7_IRQHandler                 0x080001a3   Thumb Code     0  startup_stm32f10x_md.o(.text)
    EXTI0_IRQHandler                         0x080001a3   Thumb Code     0  startup_stm32f10x_md.o(.text)
    EXTI15_10_IRQHandler                     0x080001a3   Thumb Code     0  startup_stm32f10x_md.o(.text)
    EXTI1_IRQHandler                         0x080001a3   Thumb Code     0  startup_stm32f10x_md.o(.text)
    EXTI2_IRQHandler                         0x080001a3   Thumb Code     0  startup_stm32f10x_md.o(.text)
    EXTI3_IRQHandler                         0x080001a3   Thumb Code     0  startup_stm32f10x_md.o(.text)
    EXTI4_IRQHandler                         0x080001a3   Thumb Code     0  startup_stm32f10x_md.o(.text)
    EXTI9_5_IRQHandler                       0x080001a3   Thumb Code     0  startup_stm32f10x_md.o(.text)
    FLASH_IRQHandler                         0x080001a3   Thumb Code     0  startup_stm32f10x_md.o(.text)
    I2C1_ER_IRQHandler                       0x080001a3   Thumb Code     0  startup_stm32f10x_md.o(.text)
    I2C1_EV_IRQHandler                       0x080001a3   Thumb Code     0  startup_stm32f10x_md.o(.text)
    I2C2_ER_IRQHandler                       0x080001a3   Thumb Code     0  startup_stm32f10x_md.o(.text)
    I2C2_EV_IRQHandler                       0x080001a3   Thumb Code     0  startup_stm32f10x_md.o(.text)
    PVD_IRQHandler                           0x080001a3   Thumb Code     0  startup_stm32f10x_md.o(.text)
    RCC_IRQHandler                           0x080001a3   Thumb Code     0  startup_stm32f10x_md.o(.text)
    RTCAlarm_IRQHandler                      0x080001a3   Thumb Code     0  startup_stm32f10x_md.o(.text)
    RTC_IRQHandler                           0x080001a3   Thumb Code     0  startup_stm32f10x_md.o(.text)
    SPI1_IRQHandler                          0x080001a3   Thumb Code     0  startup_stm32f10x_md.o(.text)
    SPI2_IRQHandler                          0x080001a3   Thumb Code     0  startup_stm32f10x_md.o(.text)
    TAMPER_IRQHandler                        0x080001a3   Thumb Code     0  startup_stm32f10x_md.o(.text)
    TIM1_BRK_IRQHandler                      0x080001a3   Thumb Code     0  startup_stm32f10x_md.o(.text)
    TIM1_CC_IRQHandler                       0x080001a3   Thumb Code     0  startup_stm32f10x_md.o(.text)
    TIM1_TRG_COM_IRQHandler                  0x080001a3   Thumb Code     0  startup_stm32f10x_md.o(.text)
    TIM1_UP_IRQHandler                       0x080001a3   Thumb Code     0  startup_stm32f10x_md.o(.text)
    TIM2_IRQHandler                          0x080001a3   Thumb Code     0  startup_stm32f10x_md.o(.text)
    TIM3_IRQHandler                          0x080001a3   Thumb Code     0  startup_stm32f10x_md.o(.text)
    TIM4_IRQHandler                          0x080001a3   Thumb Code     0  startup_stm32f10x_md.o(.text)
    USART1_IRQHandler                        0x080001a3   Thumb Code     0  startup_stm32f10x_md.o(.text)
    USART2_IRQHandler                        0x080001a3   Thumb Code     0  startup_stm32f10x_md.o(.text)
    USART3_IRQHandler                        0x080001a3   Thumb Code     0  startup_stm32f10x_md.o(.text)
    USBWakeUp_IRQHandler                     0x080001a3   Thumb Code     0  startup_stm32f10x_md.o(.text)
    USB_HP_CAN1_TX_IRQHandler                0x080001a3   Thumb Code     0  startup_stm32f10x_md.o(.text)
    USB_LP_CAN1_RX0_IRQHandler               0x080001a3   Thumb Code     0  startup_stm32f10x_md.o(.text)
    WWDG_IRQHandler                          0x080001a3   Thumb Code     0  startup_stm32f10x_md.o(.text)
    __user_initial_stackheap                 0x080001a5   Thumb Code     0  startup_stm32f10x_md.o(.text)
    __aeabi_memclr                           0x080001c9   Thumb Code     0  rt_memclr.o(.text)
    __rt_memclr                              0x080001c9   Thumb Code    68  rt_memclr.o(.text)
    _memset                                  0x080001cd   Thumb Code     0  rt_memclr.o(.text)
    __aeabi_memclr4                          0x0800020d   Thumb Code     0  rt_memclr_w.o(.text)
    __aeabi_memclr8                          0x0800020d   Thumb Code     0  rt_memclr_w.o(.text)
    __rt_memclr_w                            0x0800020d   Thumb Code    78  rt_memclr_w.o(.text)
    _memset_w                                0x08000211   Thumb Code     0  rt_memclr_w.o(.text)
    __use_two_region_memory                  0x0800025b   Thumb Code     2  heapauxi.o(.text)
    __rt_heap_escrow$2region                 0x0800025d   Thumb Code     2  heapauxi.o(.text)
    __rt_heap_expand$2region                 0x0800025f   Thumb Code     2  heapauxi.o(.text)
    __user_libspace                          0x08000261   Thumb Code     8  libspace.o(.text)
    __user_perproc_libspace                  0x08000261   Thumb Code     0  libspace.o(.text)
    __user_perthread_libspace                0x08000261   Thumb Code     0  libspace.o(.text)
    __user_setup_stackheap                   0x08000269   Thumb Code    74  sys_stackheap_outer.o(.text)
    exit                                     0x080002b3   Thumb Code    18  exit.o(.text)
    _sys_exit                                0x080002c5   Thumb Code     8  sys_exit.o(.text)
    __I$use$semihosting                      0x080002d1   Thumb Code     0  use_no_semi.o(.text)
    __use_no_semihosting_swi                 0x080002d1   Thumb Code     2  use_no_semi.o(.text)
    BusFault_Handler                         0x080002d3   Thumb Code     4  stm32f10x_it.o(i.BusFault_Handler)
    __semihosting_library_function           0x080002d3   Thumb Code     0  indicate_semi.o(.text)
    DebugMon_Handler                         0x080002d7   Thumb Code     2  stm32f10x_it.o(i.DebugMon_Handler)
    Delay_ms                                 0x080002d9   Thumb Code    24  delay.o(i.Delay_ms)
    Delay_us                                 0x080002f1   Thumb Code    46  delay.o(i.Delay_us)
    GPIO_Init                                0x0800031f   Thumb Code   278  stm32f10x_gpio.o(i.GPIO_Init)
    GPIO_WriteBit                            0x08000435   Thumb Code    10  stm32f10x_gpio.o(i.GPIO_WriteBit)
    HardFault_Handler                        0x0800043f   Thumb Code     4  stm32f10x_it.o(i.HardFault_Handler)
    MemManage_Handler                        0x08000443   Thumb Code     4  stm32f10x_it.o(i.MemManage_Handler)
    NMI_Handler                              0x08000447   Thumb Code     2  stm32f10x_it.o(i.NMI_Handler)
    OLED_Clear                               0x08000449   Thumb Code    36  oled.o(i.OLED_Clear)
    OLED_GPIO_Init                           0x08000471   Thumb Code    92  oled.o(i.OLED_GPIO_Init)
    OLED_I2C_SendByte                        0x080004d1   Thumb Code    62  oled.o(i.OLED_I2C_SendByte)
    OLED_I2C_Start                           0x0800050f   Thumb Code    28  oled.o(i.OLED_I2C_Start)
    OLED_I2C_Stop                            0x0800052b   Thumb Code    22  oled.o(i.OLED_I2C_Stop)
    OLED_Init                                0x08000541   Thumb Code   154  oled.o(i.OLED_Init)
    OLED_SetCursor                           0x080005db   Thumb Code    34  oled.o(i.OLED_SetCursor)
    OLED_Update                              0x080005fd   Thumb Code    36  oled.o(i.OLED_Update)
    OLED_W_SCL                               0x08000625   Thumb Code    18  oled.o(i.OLED_W_SCL)
    OLED_W_SDA                               0x0800063d   Thumb Code    18  oled.o(i.OLED_W_SDA)
    OLED_WriteCommand                        0x08000655   Thumb Code    32  oled.o(i.OLED_WriteCommand)
    OLED_WriteData                           0x08000675   Thumb Code    46  oled.o(i.OLED_WriteData)
    PendSV_Handler                           0x080006a3   Thumb Code     2  stm32f10x_it.o(i.PendSV_Handler)
    RCC_APB2PeriphClockCmd                   0x080006a5   Thumb Code    26  stm32f10x_rcc.o(i.RCC_APB2PeriphClockCmd)
    SVC_Handler                              0x080006c5   Thumb Code     2  stm32f10x_it.o(i.SVC_Handler)
    SysTick_Handler                          0x080007b1   Thumb Code     2  stm32f10x_it.o(i.SysTick_Handler)
    SystemInit                               0x080007b5   Thumb Code    78  system_stm32f10x.o(i.SystemInit)
    UsageFault_Handler                       0x08000815   Thumb Code     4  stm32f10x_it.o(i.UsageFault_Handler)
    main                                     0x080009a9   Thumb Code    80  mian.o(i.main)
    u8g2_ClearBuffer                         0x08000a05   Thumb Code    26  u8g2_buffer.o(i.u8g2_ClearBuffer)
    u8g2_DrawHVLine                          0x08000a1f   Thumb Code   220  u8g2_hvline.o(i.u8g2_DrawHVLine)
    u8g2_DrawLine                            0x08000afb   Thumb Code   214  u8g2_line.o(i.u8g2_DrawLine)
    u8g2_DrawPixel                           0x08000bd1   Thumb Code    68  u8g2_hvline.o(i.u8g2_DrawPixel)
    u8g2_IsIntersection                      0x08000c15   Thumb Code    58  u8g2_intersection.o(i.u8g2_IsIntersection)
    u8g2_SendBuffer                          0x08000c4f   Thumb Code    18  u8g2_buffer.o(i.u8g2_SendBuffer)
    u8g2_SetFontPosBaseline                  0x08000c61   Thumb Code     6  u8g2_font.o(i.u8g2_SetFontPosBaseline)
    u8g2_SetMaxClipWindow                    0x08000c6d   Thumb Code    32  u8g2_setup.o(i.u8g2_SetMaxClipWindow)
    u8g2_SetupBuffer                         0x08000c8d   Thumb Code    90  u8g2_setup.o(i.u8g2_SetupBuffer)
    u8g2_Setup_ssd1306_i2c_128x64_noname_f   0x08000ce9   Thumb Code    54  u8g2_d_setup.o(i.u8g2_Setup_ssd1306_i2c_128x64_noname_f)
    u8g2_draw_hv_line_2dir                   0x08000df3   Thumb Code    44  u8g2_hvline.o(i.u8g2_draw_hv_line_2dir)
    u8g2_draw_l90_mirrorr_r0                 0x08000e1f   Thumb Code    60  u8g2_setup.o(i.u8g2_draw_l90_mirrorr_r0)
    u8g2_draw_l90_r0                         0x08000e5b   Thumb Code    36  u8g2_setup.o(i.u8g2_draw_l90_r0)
    u8g2_draw_l90_r1                         0x08000e7f   Thumb Code    68  u8g2_setup.o(i.u8g2_draw_l90_r1)
    u8g2_draw_l90_r2                         0x08000ec3   Thumb Code    86  u8g2_setup.o(i.u8g2_draw_l90_r2)
    u8g2_draw_l90_r3                         0x08000f19   Thumb Code    80  u8g2_setup.o(i.u8g2_draw_l90_r3)
    u8g2_draw_mirror_vertical_r0             0x08000f69   Thumb Code    60  u8g2_setup.o(i.u8g2_draw_mirror_vertical_r0)
    u8g2_font_calc_vref_font                 0x08000fa5   Thumb Code     6  u8g2_font.o(i.u8g2_font_calc_vref_font)
    u8g2_gpio_and_delay_stm32                0x08000fab   Thumb Code   106  mian.o(i.u8g2_gpio_and_delay_stm32)
    u8g2_is_intersection_decision_tree       0x08001015   Thumb Code    48  u8g2_intersection.o(i.u8g2_is_intersection_decision_tree)
    u8g2_ll_hvline_vertical_top_lsb          0x08001045   Thumb Code   238  u8g2_ll_hvline.o(i.u8g2_ll_hvline_vertical_top_lsb)
    u8g2_m_16_8_f                            0x08001135   Thumb Code    10  u8g2_d_memory.o(i.u8g2_m_16_8_f)
    u8g2_update_dimension_r0                 0x08001211   Thumb Code    12  u8g2_setup.o(i.u8g2_update_dimension_r0)
    u8g2_update_dimension_r1                 0x0800121d   Thumb Code    28  u8g2_setup.o(i.u8g2_update_dimension_r1)
    u8g2_update_dimension_r2                 0x08001239   Thumb Code    12  u8g2_setup.o(i.u8g2_update_dimension_r2)
    u8g2_update_dimension_r3                 0x08001245   Thumb Code    28  u8g2_setup.o(i.u8g2_update_dimension_r3)
    u8g2_update_page_win_r0                  0x08001261   Thumb Code    32  u8g2_setup.o(i.u8g2_update_page_win_r0)
    u8g2_update_page_win_r1                  0x08001281   Thumb Code    32  u8g2_setup.o(i.u8g2_update_page_win_r1)
    u8g2_update_page_win_r2                  0x080012a1   Thumb Code    60  u8g2_setup.o(i.u8g2_update_page_win_r2)
    u8g2_update_page_win_r3                  0x080012dd   Thumb Code    60  u8g2_setup.o(i.u8g2_update_page_win_r3)
    u8x8_DrawTile                            0x08001319   Thumb Code    50  u8x8_display.o(i.u8x8_DrawTile)
    u8x8_InitDisplay                         0x0800134b   Thumb Code    18  u8x8_display.o(i.u8x8_InitDisplay)
    u8x8_RefreshDisplay                      0x0800135d   Thumb Code    18  u8x8_display.o(i.u8x8_RefreshDisplay)
    u8x8_SetPowerSave                        0x0800136f   Thumb Code    20  u8x8_display.o(i.u8x8_SetPowerSave)
    u8x8_Setup                               0x08001383   Thumb Code    42  u8x8_setup.o(i.u8x8_Setup)
    u8x8_SetupDefaults                       0x080013ad   Thumb Code    38  u8x8_setup.o(i.u8x8_SetupDefaults)
    u8x8_SetupMemory                         0x080013d9   Thumb Code    18  u8x8_display.o(i.u8x8_SetupMemory)
    u8x8_byte_EndTransfer                    0x080013eb   Thumb Code    18  u8x8_byte.o(i.u8x8_byte_EndTransfer)
    u8x8_byte_SendByte                       0x080013fd   Thumb Code    16  u8x8_byte.o(i.u8x8_byte_SendByte)
    u8x8_byte_SendBytes                      0x0800140d   Thumb Code    26  u8x8_byte.o(i.u8x8_byte_SendBytes)
    u8x8_byte_StartTransfer                  0x08001427   Thumb Code    18  u8x8_byte.o(i.u8x8_byte_StartTransfer)
    u8x8_byte_sw_i2c                         0x08001439   Thumb Code   110  u8x8_byte.o(i.u8x8_byte_sw_i2c)
    u8x8_cad_EndTransfer                     0x080014a7   Thumb Code    18  u8x8_cad.o(i.u8x8_cad_EndTransfer)
    u8x8_cad_SendArg                         0x080014b9   Thumb Code    20  u8x8_cad.o(i.u8x8_cad_SendArg)
    u8x8_cad_SendCmd                         0x080014cd   Thumb Code    20  u8x8_cad.o(i.u8x8_cad_SendCmd)
    u8x8_cad_SendData                        0x080014e1   Thumb Code    26  u8x8_cad.o(i.u8x8_cad_SendData)
    u8x8_cad_SendSequence                    0x080014fb   Thumb Code   124  u8x8_cad.o(i.u8x8_cad_SendSequence)
    u8x8_cad_StartTransfer                   0x08001577   Thumb Code    18  u8x8_cad.o(i.u8x8_cad_StartTransfer)
    u8x8_cad_ssd13xx_fast_i2c                0x08001589   Thumb Code   208  u8x8_cad.o(i.u8x8_cad_ssd13xx_fast_i2c)
    u8x8_d_helper_display_init               0x0800165d   Thumb Code    96  u8x8_display.o(i.u8x8_d_helper_display_init)
    u8x8_d_helper_display_setup_memory       0x080016bd   Thumb Code    12  u8x8_display.o(i.u8x8_d_helper_display_setup_memory)
    u8x8_d_ssd1306_128x64_noname             0x080016c9   Thumb Code    76  u8x8_d_ssd1306_128x64_noname.o(i.u8x8_d_ssd1306_128x64_noname)
    u8x8_dummy_cb                            0x08001821   Thumb Code     8  u8x8_setup.o(i.u8x8_dummy_cb)
    u8x8_gpio_call                           0x08001829   Thumb Code    26  u8x8_gpio.o(i.u8x8_gpio_call)
    u8g2_cb_r0                               0x08001870   Data          12  u8g2_setup.o(.constdata)
    u8g2_cb_r1                               0x0800187c   Data          12  u8g2_setup.o(.constdata)
    u8g2_cb_r2                               0x08001888   Data          12  u8g2_setup.o(.constdata)
    u8g2_cb_r3                               0x08001894   Data          12  u8g2_setup.o(.constdata)
    u8g2_cb_mirror                           0x080018a0   Data          12  u8g2_setup.o(.constdata)
    u8g2_cb_mirror_vertical                  0x080018ac   Data          12  u8g2_setup.o(.constdata)
    Region$$Table$$Base                      0x08001a10   Number         0  anon$$obj.o(Region$$Table)
    Region$$Table$$Limit                     0x08001a30   Number         0  anon$$obj.o(Region$$Table)
    OLED_DisplayBuf                          0x20000008   Data        1024  oled.o(.bss)
    __libspace_start                         0x20000808   Data          96  libspace.o(.bss)
    __temporary_stack_top$libspace           0x20000868   Data           0  libspace.o(.bss)



==============================================================================

Memory Map of the image

  Image Entry point : 0x080000ed

  Load Region LR_IROM1 (Base: 0x08000000, Size: 0x00001a38, Max: 0x00010000, ABSOLUTE)

    Execution Region ER_IROM1 (Exec base: 0x08000000, Load base: 0x08000000, Size: 0x00001a30, Max: 0x00010000, ABSOLUTE)

    Exec Addr    Load Addr    Size         Type   Attr      Idx    E Section Name        Object

    0x08000000   0x08000000   0x000000ec   Data   RO           19    RESET               startup_stm32f10x_md.o
    0x080000ec   0x080000ec   0x00000008   Code   RO         6335  * !!!main             c_w.l(__main.o)
    0x080000f4   0x080000f4   0x00000034   Code   RO         6770    !!!scatter          c_w.l(__scatter.o)
    0x08000128   0x08000128   0x0000001a   Code   RO         6772    !!handler_copy      c_w.l(__scatter_copy.o)
    0x08000142   0x08000142   0x00000002   PAD
    0x08000144   0x08000144   0x0000001c   Code   RO         6774    !!handler_zi        c_w.l(__scatter_zi.o)
    0x08000160   0x08000160   0x00000002   Code   RO         6630    .ARM.Collect$$libinit$$00000000  c_w.l(libinit.o)
    0x08000162   0x08000162   0x00000000   Code   RO         6641    .ARM.Collect$$libinit$$00000002  c_w.l(libinit2.o)
    0x08000162   0x08000162   0x00000000   Code   RO         6643    .ARM.Collect$$libinit$$00000004  c_w.l(libinit2.o)
    0x08000162   0x08000162   0x00000000   Code   RO         6646    .ARM.Collect$$libinit$$0000000A  c_w.l(libinit2.o)
    0x08000162   0x08000162   0x00000000   Code   RO         6648    .ARM.Collect$$libinit$$0000000C  c_w.l(libinit2.o)
    0x08000162   0x08000162   0x00000000   Code   RO         6650    .ARM.Collect$$libinit$$0000000E  c_w.l(libinit2.o)
    0x08000162   0x08000162   0x00000000   Code   RO         6653    .ARM.Collect$$libinit$$00000011  c_w.l(libinit2.o)
    0x08000162   0x08000162   0x00000000   Code   RO         6655    .ARM.Collect$$libinit$$00000013  c_w.l(libinit2.o)
    0x08000162   0x08000162   0x00000000   Code   RO         6657    .ARM.Collect$$libinit$$00000015  c_w.l(libinit2.o)
    0x08000162   0x08000162   0x00000000   Code   RO         6659    .ARM.Collect$$libinit$$00000017  c_w.l(libinit2.o)
    0x08000162   0x08000162   0x00000000   Code   RO         6661    .ARM.Collect$$libinit$$00000019  c_w.l(libinit2.o)
    0x08000162   0x08000162   0x00000000   Code   RO         6663    .ARM.Collect$$libinit$$0000001B  c_w.l(libinit2.o)
    0x08000162   0x08000162   0x00000000   Code   RO         6665    .ARM.Collect$$libinit$$0000001D  c_w.l(libinit2.o)
    0x08000162   0x08000162   0x00000000   Code   RO         6667    .ARM.Collect$$libinit$$0000001F  c_w.l(libinit2.o)
    0x08000162   0x08000162   0x00000000   Code   RO         6669    .ARM.Collect$$libinit$$00000021  c_w.l(libinit2.o)
    0x08000162   0x08000162   0x00000000   Code   RO         6671    .ARM.Collect$$libinit$$00000023  c_w.l(libinit2.o)
    0x08000162   0x08000162   0x00000000   Code   RO         6673    .ARM.Collect$$libinit$$00000025  c_w.l(libinit2.o)
    0x08000162   0x08000162   0x00000000   Code   RO         6677    .ARM.Collect$$libinit$$0000002C  c_w.l(libinit2.o)
    0x08000162   0x08000162   0x00000000   Code   RO         6679    .ARM.Collect$$libinit$$0000002E  c_w.l(libinit2.o)
    0x08000162   0x08000162   0x00000000   Code   RO         6681    .ARM.Collect$$libinit$$00000030  c_w.l(libinit2.o)
    0x08000162   0x08000162   0x00000000   Code   RO         6683    .ARM.Collect$$libinit$$00000032  c_w.l(libinit2.o)
    0x08000162   0x08000162   0x00000002   Code   RO         6684    .ARM.Collect$$libinit$$00000033  c_w.l(libinit2.o)
    0x08000164   0x08000164   0x00000002   Code   RO         6708    .ARM.Collect$$libshutdown$$00000000  c_w.l(libshutdown.o)
    0x08000166   0x08000166   0x00000000   Code   RO         6721    .ARM.Collect$$libshutdown$$00000002  c_w.l(libshutdown2.o)
    0x08000166   0x08000166   0x00000000   Code   RO         6723    .ARM.Collect$$libshutdown$$00000004  c_w.l(libshutdown2.o)
    0x08000166   0x08000166   0x00000000   Code   RO         6725    .ARM.Collect$$libshutdown$$00000006  c_w.l(libshutdown2.o)
    0x08000166   0x08000166   0x00000000   Code   RO         6728    .ARM.Collect$$libshutdown$$00000009  c_w.l(libshutdown2.o)
    0x08000166   0x08000166   0x00000000   Code   RO         6731    .ARM.Collect$$libshutdown$$0000000C  c_w.l(libshutdown2.o)
    0x08000166   0x08000166   0x00000000   Code   RO         6733    .ARM.Collect$$libshutdown$$0000000E  c_w.l(libshutdown2.o)
    0x08000166   0x08000166   0x00000000   Code   RO         6736    .ARM.Collect$$libshutdown$$00000011  c_w.l(libshutdown2.o)
    0x08000166   0x08000166   0x00000002   Code   RO         6737    .ARM.Collect$$libshutdown$$00000012  c_w.l(libshutdown2.o)
    0x08000168   0x08000168   0x00000000   Code   RO         6393    .ARM.Collect$$rtentry$$00000000  c_w.l(__rtentry.o)
    0x08000168   0x08000168   0x00000000   Code   RO         6538    .ARM.Collect$$rtentry$$00000002  c_w.l(__rtentry2.o)
    0x08000168   0x08000168   0x00000006   Code   RO         6550    .ARM.Collect$$rtentry$$00000004  c_w.l(__rtentry4.o)
    0x0800016e   0x0800016e   0x00000000   Code   RO         6540    .ARM.Collect$$rtentry$$00000009  c_w.l(__rtentry2.o)
    0x0800016e   0x0800016e   0x00000004   Code   RO         6541    .ARM.Collect$$rtentry$$0000000A  c_w.l(__rtentry2.o)
    0x08000172   0x08000172   0x00000000   Code   RO         6543    .ARM.Collect$$rtentry$$0000000C  c_w.l(__rtentry2.o)
    0x08000172   0x08000172   0x00000008   Code   RO         6544    .ARM.Collect$$rtentry$$0000000D  c_w.l(__rtentry2.o)
    0x0800017a   0x0800017a   0x00000002   Code   RO         6635    .ARM.Collect$$rtexit$$00000000  c_w.l(rtexit.o)
    0x0800017c   0x0800017c   0x00000000   Code   RO         6688    .ARM.Collect$$rtexit$$00000002  c_w.l(rtexit2.o)
    0x0800017c   0x0800017c   0x00000004   Code   RO         6689    .ARM.Collect$$rtexit$$00000003  c_w.l(rtexit2.o)
    0x08000180   0x08000180   0x00000006   Code   RO         6690    .ARM.Collect$$rtexit$$00000004  c_w.l(rtexit2.o)
    0x08000186   0x08000186   0x00000002   PAD
    0x08000188   0x08000188   0x00000040   Code   RO           20    .text               startup_stm32f10x_md.o
    0x080001c8   0x080001c8   0x00000044   Code   RO         6327    .text               c_w.l(rt_memclr.o)
    0x0800020c   0x0800020c   0x0000004e   Code   RO         6329    .text               c_w.l(rt_memclr_w.o)
    0x0800025a   0x0800025a   0x00000006   Code   RO         6333    .text               c_w.l(heapauxi.o)
    0x08000260   0x08000260   0x00000008   Code   RO         6581    .text               c_w.l(libspace.o)
    0x08000268   0x08000268   0x0000004a   Code   RO         6584    .text               c_w.l(sys_stackheap_outer.o)
    0x080002b2   0x080002b2   0x00000012   Code   RO         6623    .text               c_w.l(exit.o)
    0x080002c4   0x080002c4   0x0000000c   Code   RO         6700    .text               c_w.l(sys_exit.o)
    0x080002d0   0x080002d0   0x00000002   Code   RO         6711    .text               c_w.l(use_no_semi.o)
    0x080002d2   0x080002d2   0x00000000   Code   RO         6713    .text               c_w.l(indicate_semi.o)
    0x080002d2   0x080002d2   0x00000004   Code   RO         3431    i.BusFault_Handler  stm32f10x_it.o
    0x080002d6   0x080002d6   0x00000002   Code   RO         3432    i.DebugMon_Handler  stm32f10x_it.o
    0x080002d8   0x080002d8   0x00000018   Code   RO         3108    i.Delay_ms          delay.o
    0x080002f0   0x080002f0   0x0000002e   Code   RO         3110    i.Delay_us          delay.o
    0x0800031e   0x0800031e   0x00000116   Code   RO         1292    i.GPIO_Init         stm32f10x_gpio.o
    0x08000434   0x08000434   0x0000000a   Code   RO         1303    i.GPIO_WriteBit     stm32f10x_gpio.o
    0x0800043e   0x0800043e   0x00000004   Code   RO         3433    i.HardFault_Handler  stm32f10x_it.o
    0x08000442   0x08000442   0x00000004   Code   RO         3434    i.MemManage_Handler  stm32f10x_it.o
    0x08000446   0x08000446   0x00000002   Code   RO         3435    i.NMI_Handler       stm32f10x_it.o
    0x08000448   0x08000448   0x00000028   Code   RO         3132    i.OLED_Clear        oled.o
    0x08000470   0x08000470   0x00000060   Code   RO         3141    i.OLED_GPIO_Init    oled.o
    0x080004d0   0x080004d0   0x0000003e   Code   RO         3143    i.OLED_I2C_SendByte  oled.o
    0x0800050e   0x0800050e   0x0000001c   Code   RO         3144    i.OLED_I2C_Start    oled.o
    0x0800052a   0x0800052a   0x00000016   Code   RO         3145    i.OLED_I2C_Stop     oled.o
    0x08000540   0x08000540   0x0000009a   Code   RO         3146    i.OLED_Init         oled.o
    0x080005da   0x080005da   0x00000022   Code   RO         3152    i.OLED_SetCursor    oled.o
    0x080005fc   0x080005fc   0x00000028   Code   RO         3162    i.OLED_Update       oled.o
    0x08000624   0x08000624   0x00000018   Code   RO         3164    i.OLED_W_SCL        oled.o
    0x0800063c   0x0800063c   0x00000018   Code   RO         3165    i.OLED_W_SDA        oled.o
    0x08000654   0x08000654   0x00000020   Code   RO         3166    i.OLED_WriteCommand  oled.o
    0x08000674   0x08000674   0x0000002e   Code   RO         3167    i.OLED_WriteData    oled.o
    0x080006a2   0x080006a2   0x00000002   Code   RO         3436    i.PendSV_Handler    stm32f10x_it.o
    0x080006a4   0x080006a4   0x00000020   Code   RO         1710    i.RCC_APB2PeriphClockCmd  stm32f10x_rcc.o
    0x080006c4   0x080006c4   0x00000002   Code   RO         3437    i.SVC_Handler       stm32f10x_it.o
    0x080006c6   0x080006c6   0x00000008   Code   RO           24    i.SetSysClock       system_stm32f10x.o
    0x080006ce   0x080006ce   0x00000002   PAD
    0x080006d0   0x080006d0   0x000000e0   Code   RO           25    i.SetSysClockTo72   system_stm32f10x.o
    0x080007b0   0x080007b0   0x00000002   Code   RO         3438    i.SysTick_Handler   stm32f10x_it.o
    0x080007b2   0x080007b2   0x00000002   PAD
    0x080007b4   0x080007b4   0x00000060   Code   RO           27    i.SystemInit        system_stm32f10x.o
    0x08000814   0x08000814   0x00000004   Code   RO         3439    i.UsageFault_Handler  stm32f10x_it.o
    0x08000818   0x08000818   0x00000010   Code   RO         5598    i.i2c_clear_scl     u8x8_byte.o
    0x08000828   0x08000828   0x00000010   Code   RO         5599    i.i2c_clear_sda     u8x8_byte.o
    0x08000838   0x08000838   0x00000012   Code   RO         5600    i.i2c_delay         u8x8_byte.o
    0x0800084a   0x0800084a   0x00000020   Code   RO         5601    i.i2c_init          u8x8_byte.o
    0x0800086a   0x0800086a   0x0000002a   Code   RO         5602    i.i2c_read_bit      u8x8_byte.o
    0x08000894   0x08000894   0x00000016   Code   RO         5603    i.i2c_read_scl_and_delay  u8x8_byte.o
    0x080008aa   0x080008aa   0x00000010   Code   RO         5604    i.i2c_read_sda      u8x8_byte.o
    0x080008ba   0x080008ba   0x0000003c   Code   RO         5605    i.i2c_start         u8x8_byte.o
    0x080008f6   0x080008f6   0x0000002a   Code   RO         5606    i.i2c_stop          u8x8_byte.o
    0x08000920   0x08000920   0x0000002a   Code   RO         5607    i.i2c_write_bit     u8x8_byte.o
    0x0800094a   0x0800094a   0x0000005e   Code   RO         5608    i.i2c_write_byte    u8x8_byte.o
    0x080009a8   0x080009a8   0x0000005c   Code   RO         3396    i.main              mian.o
    0x08000a04   0x08000a04   0x0000001a   Code   RO         4343    i.u8g2_ClearBuffer  u8g2_buffer.o
    0x08000a1e   0x08000a1e   0x000000dc   Code   RO         4902    i.u8g2_DrawHVLine   u8g2_hvline.o
    0x08000afa   0x08000afa   0x000000d6   Code   RO         4999    i.u8g2_DrawLine     u8g2_line.o
    0x08000bd0   0x08000bd0   0x00000044   Code   RO         4903    i.u8g2_DrawPixel    u8g2_hvline.o
    0x08000c14   0x08000c14   0x0000003a   Code   RO         4963    i.u8g2_IsIntersection  u8g2_intersection.o
    0x08000c4e   0x08000c4e   0x00000012   Code   RO         4346    i.u8g2_SendBuffer   u8g2_buffer.o
    0x08000c60   0x08000c60   0x0000000c   Code   RO         4576    i.u8g2_SetFontPosBaseline  u8g2_font.o
    0x08000c6c   0x08000c6c   0x00000020   Code   RO         5178    i.u8g2_SetMaxClipWindow  u8g2_setup.o
    0x08000c8c   0x08000c8c   0x0000005a   Code   RO         5179    i.u8g2_SetupBuffer  u8g2_setup.o
    0x08000ce6   0x08000ce6   0x00000002   PAD
    0x08000ce8   0x08000ce8   0x00000044   Code   RO         4538    i.u8g2_Setup_ssd1306_i2c_128x64_noname_f  u8g2_d_setup.o
    0x08000d2c   0x08000d2c   0x0000007a   Code   RO         5181    i.u8g2_apply_clip_window  u8g2_setup.o
    0x08000da6   0x08000da6   0x0000004c   Code   RO         4906    i.u8g2_clip_intersection2  u8g2_hvline.o
    0x08000df2   0x08000df2   0x0000002c   Code   RO         4907    i.u8g2_draw_hv_line_2dir  u8g2_hvline.o
    0x08000e1e   0x08000e1e   0x0000003c   Code   RO         5182    i.u8g2_draw_l90_mirrorr_r0  u8g2_setup.o
    0x08000e5a   0x08000e5a   0x00000024   Code   RO         5183    i.u8g2_draw_l90_r0  u8g2_setup.o
    0x08000e7e   0x08000e7e   0x00000044   Code   RO         5184    i.u8g2_draw_l90_r1  u8g2_setup.o
    0x08000ec2   0x08000ec2   0x00000056   Code   RO         5185    i.u8g2_draw_l90_r2  u8g2_setup.o
    0x08000f18   0x08000f18   0x00000050   Code   RO         5186    i.u8g2_draw_l90_r3  u8g2_setup.o
    0x08000f68   0x08000f68   0x0000003c   Code   RO         5187    i.u8g2_draw_mirror_vertical_r0  u8g2_setup.o
    0x08000fa4   0x08000fa4   0x00000006   Code   RO         4593    i.u8g2_font_calc_vref_font  u8g2_font.o
    0x08000faa   0x08000faa   0x0000006a   Code   RO         3397    i.u8g2_gpio_and_delay_stm32  mian.o
    0x08001014   0x08001014   0x00000030   Code   RO         4964    i.u8g2_is_intersection_decision_tree  u8g2_intersection.o
    0x08001044   0x08001044   0x000000ee   Code   RO         5012    i.u8g2_ll_hvline_vertical_top_lsb  u8g2_ll_hvline.o
    0x08001132   0x08001132   0x00000002   PAD
    0x08001134   0x08001134   0x00000010   Code   RO         4525    i.u8g2_m_16_8_f     u8g2_d_memory.o
    0x08001144   0x08001144   0x00000036   Code   RO         4354    i.u8g2_send_buffer  u8g2_buffer.o
    0x0800117a   0x0800117a   0x00000036   Code   RO         4355    i.u8g2_send_tile_row  u8g2_buffer.o
    0x080011b0   0x080011b0   0x00000060   Code   RO         5188    i.u8g2_update_dimension_common  u8g2_setup.o
    0x08001210   0x08001210   0x0000000c   Code   RO         5189    i.u8g2_update_dimension_r0  u8g2_setup.o
    0x0800121c   0x0800121c   0x0000001c   Code   RO         5190    i.u8g2_update_dimension_r1  u8g2_setup.o
    0x08001238   0x08001238   0x0000000c   Code   RO         5191    i.u8g2_update_dimension_r2  u8g2_setup.o
    0x08001244   0x08001244   0x0000001c   Code   RO         5192    i.u8g2_update_dimension_r3  u8g2_setup.o
    0x08001260   0x08001260   0x00000020   Code   RO         5193    i.u8g2_update_page_win_r0  u8g2_setup.o
    0x08001280   0x08001280   0x00000020   Code   RO         5194    i.u8g2_update_page_win_r1  u8g2_setup.o
    0x080012a0   0x080012a0   0x0000003c   Code   RO         5195    i.u8g2_update_page_win_r2  u8g2_setup.o
    0x080012dc   0x080012dc   0x0000003c   Code   RO         5196    i.u8g2_update_page_win_r3  u8g2_setup.o
    0x08001318   0x08001318   0x00000032   Code   RO         6017    i.u8x8_DrawTile     u8x8_display.o
    0x0800134a   0x0800134a   0x00000012   Code   RO         6019    i.u8x8_InitDisplay  u8x8_display.o
    0x0800135c   0x0800135c   0x00000012   Code   RO         6021    i.u8x8_RefreshDisplay  u8x8_display.o
    0x0800136e   0x0800136e   0x00000014   Code   RO         6024    i.u8x8_SetPowerSave  u8x8_display.o
    0x08001382   0x08001382   0x0000002a   Code   RO         6195    i.u8x8_Setup        u8x8_setup.o
    0x080013ac   0x080013ac   0x0000002c   Code   RO         6196    i.u8x8_SetupDefaults  u8x8_setup.o
    0x080013d8   0x080013d8   0x00000012   Code   RO         6025    i.u8x8_SetupMemory  u8x8_display.o
    0x080013ea   0x080013ea   0x00000012   Code   RO         5613    i.u8x8_byte_EndTransfer  u8x8_byte.o
    0x080013fc   0x080013fc   0x00000010   Code   RO         5614    i.u8x8_byte_SendByte  u8x8_byte.o
    0x0800140c   0x0800140c   0x0000001a   Code   RO         5615    i.u8x8_byte_SendBytes  u8x8_byte.o
    0x08001426   0x08001426   0x00000012   Code   RO         5617    i.u8x8_byte_StartTransfer  u8x8_byte.o
    0x08001438   0x08001438   0x0000006e   Code   RO         5622    i.u8x8_byte_sw_i2c  u8x8_byte.o
    0x080014a6   0x080014a6   0x00000012   Code   RO         5750    i.u8x8_cad_EndTransfer  u8x8_cad.o
    0x080014b8   0x080014b8   0x00000014   Code   RO         5751    i.u8x8_cad_SendArg  u8x8_cad.o
    0x080014cc   0x080014cc   0x00000014   Code   RO         5752    i.u8x8_cad_SendCmd  u8x8_cad.o
    0x080014e0   0x080014e0   0x0000001a   Code   RO         5753    i.u8x8_cad_SendData  u8x8_cad.o
    0x080014fa   0x080014fa   0x0000007c   Code   RO         5755    i.u8x8_cad_SendSequence  u8x8_cad.o
    0x08001576   0x08001576   0x00000012   Code   RO         5756    i.u8x8_cad_StartTransfer  u8x8_cad.o
    0x08001588   0x08001588   0x000000d4   Code   RO         5759    i.u8x8_cad_ssd13xx_fast_i2c  u8x8_cad.o
    0x0800165c   0x0800165c   0x00000060   Code   RO         6026    i.u8x8_d_helper_display_init  u8x8_display.o
    0x080016bc   0x080016bc   0x0000000c   Code   RO         6027    i.u8x8_d_helper_display_setup_memory  u8x8_display.o
    0x080016c8   0x080016c8   0x00000054   Code   RO         5941    i.u8x8_d_ssd1306_128x64_noname  u8x8_d_ssd1306_128x64_noname.o
    0x0800171c   0x0800171c   0x00000104   Code   RO         5943    i.u8x8_d_ssd1306_sh1106_generic  u8x8_d_ssd1306_128x64_noname.o
    0x08001820   0x08001820   0x00000008   Code   RO         6198    i.u8x8_dummy_cb     u8x8_setup.o
    0x08001828   0x08001828   0x0000001a   Code   RO         6117    i.u8x8_gpio_call    u8x8_gpio.o
    0x08001842   0x08001842   0x0000002e   Code   RO         5767    i.u8x8_i2c_data_transfer  u8x8_cad.o
    0x08001870   0x08001870   0x00000048   Data   RO         5197    .constdata          u8g2_setup.o
    0x080018b8   0x080018b8   0x00000158   Data   RO         5945    .constdata          u8x8_d_ssd1306_128x64_noname.o
    0x08001a10   0x08001a10   0x00000020   Data   RO         6768    Region$$Table       anon$$obj.o


    Execution Region RW_IRAM1 (Exec base: 0x20000000, Load base: 0x08001a30, Size: 0x00000e68, Max: 0x00005000, ABSOLUTE)

    Exec Addr    Load Addr    Size         Type   Attr      Idx    E Section Name        Object

    0x20000000   0x08001a30   0x00000006   Data   RW         5769    .data               u8x8_cad.o
    0x20000006   0x08001a36   0x00000002   PAD
    0x20000008        -       0x00000400   Zero   RW         3169    .bss                oled.o
    0x20000408        -       0x00000400   Zero   RW         4526    .bss                u8g2_d_memory.o
    0x20000808        -       0x00000060   Zero   RW         6582    .bss                c_w.l(libspace.o)
    0x20000868        -       0x00000200   Zero   RW           18    HEAP                startup_stm32f10x_md.o
    0x20000a68        -       0x00000400   Zero   RW           17    STACK               startup_stm32f10x_md.o


==============================================================================

Image component sizes


      Code (inc. data)   RO Data    RW Data    ZI Data      Debug   Object Name

         0          0          0          0          0       4532   core_cm3.o
        70          0          0          0          0        914   delay.o
       198         12          0          0          0     165017   mian.o
       602         24          0          0       1024       6771   oled.o
        64         26        236          0       1536        784   startup_stm32f10x_md.o
       288          0          0          0          0       2400   stm32f10x_gpio.o
        26          0          0          0          0       3686   stm32f10x_it.o
        32          6          0          0          0        525   stm32f10x_rcc.o
       328         28          0          0          0     211809   system_stm32f10x.o
       152          0          0          0          0       2701   u8g2_buffer.o
        16          6          0          0       1024        824   u8g2_d_memory.o
        68         14          0          0          0       1045   u8g2_d_setup.o
        18          6          0          0          0        993   u8g2_font.o
       408          0          0          0          0       3188   u8g2_hvline.o
       106          0          0          0          0       1495   u8g2_intersection.o
       214          0          0          0          0       1004   u8g2_line.o
       238          0          0          0          0       1386   u8g2_ll_hvline.o
       994          0         72          0          0     157601   u8g2_setup.o
       588          0          0          0          0       8640   u8x8_byte.o
       484         10          0          6          0       8036   u8x8_cad.o
       344         26        344          0          0       3103   u8x8_d_ssd1306_128x64_noname.o
       232          0          0          0          0       4234   u8x8_display.o
        26          0          0          0          0        589   u8x8_gpio.o
        94          6          0          0          0       1834   u8x8_setup.o

    ----------------------------------------------------------------------
      5598        164        684          8       3584     593111   Object Totals
         0          0         32          0          0          0   (incl. Generated)
         8          0          0          2          0          0   (incl. Padding)

    ----------------------------------------------------------------------

      Code (inc. data)   RO Data    RW Data    ZI Data      Debug   Library Member Name

         8          0          0          0          0         68   __main.o
         0          0          0          0          0          0   __rtentry.o
        12          0          0          0          0          0   __rtentry2.o
         6          0          0          0          0          0   __rtentry4.o
        52          8          0          0          0          0   __scatter.o
        26          0          0          0          0          0   __scatter_copy.o
        28          0          0          0          0          0   __scatter_zi.o
        18          0          0          0          0         80   exit.o
         6          0          0          0          0        152   heapauxi.o
         0          0          0          0          0          0   indicate_semi.o
         2          0          0          0          0          0   libinit.o
         2          0          0          0          0          0   libinit2.o
         2          0          0          0          0          0   libshutdown.o
         2          0          0          0          0          0   libshutdown2.o
         8          4          0          0         96         68   libspace.o
        68          0          0          0          0         68   rt_memclr.o
        78          0          0          0          0         80   rt_memclr_w.o
         2          0          0          0          0          0   rtexit.o
        10          0          0          0          0          0   rtexit2.o
        12          4          0          0          0         68   sys_exit.o
        74          0          0          0          0         80   sys_stackheap_outer.o
         2          0          0          0          0         68   use_no_semi.o

    ----------------------------------------------------------------------
       422         16          0          0         96        732   Library Totals
         4          0          0          0          0          0   (incl. Padding)

    ----------------------------------------------------------------------

      Code (inc. data)   RO Data    RW Data    ZI Data      Debug   Library Name

       418         16          0          0         96        732   c_w.l

    ----------------------------------------------------------------------
       422         16          0          0         96        732   Library Totals

    ----------------------------------------------------------------------

==============================================================================


      Code (inc. data)   RO Data    RW Data    ZI Data      Debug   

      6020        180        684          8       3680     588483   Grand Totals
      6020        180        684          8       3680     588483   ELF Image Totals
      6020        180        684          8          0          0   ROM Totals

==============================================================================

    Total RO  Size (Code + RO Data)                 6704 (   6.55kB)
    Total RW  Size (RW Data + ZI Data)              3688 (   3.60kB)
    Total ROM Size (Code + RO Data + RW Data)       6712 (   6.55kB)

==============================================================================

